ARM Linker, 5.03 [Build 76] [MDK-ARM Lite]

==============================================================================

Section Cross References

    main.o(i.GPIOEXP1_init) refers to main.o(i.writei2c) for writei2c
    main.o(i.GPIOEXP1_readPort0) refers to main.o(i.readi2cOneByte) for readi2cOneByte
    main.o(i.LED_BT_off) refers to main.o(i.GPIOEXP1_readPort0) for GPIOEXP1_readPort0
    main.o(i.LED_BT_off) refers to main.o(i.writei2cOneByte) for writei2cOneByte
    main.o(i.LED_BT_on) refers to main.o(i.GPIOEXP1_readPort0) for GPIOEXP1_readPort0
    main.o(i.LED_BT_on) refers to main.o(i.writei2cOneByte) for writei2cOneByte
    main.o(i.MUX_init) refers to main.o(i.nrf_gpio_cfg_output) for nrf_gpio_cfg_output
    main.o(i.RGBW_get) refers to main.o(i.readi2cHighLow) for readi2cHighLow
    main.o(i.RGBW_get) refers to dfltui.o(.text) for __aeabi_ui2d
    main.o(i.RGBW_get) refers to ddiv.o(.text) for __aeabi_ddiv
    main.o(i.RGBW_get) refers to dmul.o(.text) for __aeabi_dmul
    main.o(i.RGBW_get) refers to dfixi.o(.text) for __aeabi_d2iz
    main.o(i.RGBW_get) refers to dflti.o(.text) for __aeabi_i2d
    main.o(i.RGBW_get) refers to main.o(.bss) for .bss
    main.o(i.RGBW_off) refers to main.o(i.writei2c) for writei2c
    main.o(i.RGBW_off) refers to main.o(i.readi2cHighLow) for readi2cHighLow
    main.o(i.RGBW_on) refers to main.o(i.writei2c) for writei2c
    main.o(i.RGBW_on) refers to main.o(i.readi2cHighLow) for readi2cHighLow
    main.o(i.main) refers to main.o(i.MUX_init) for MUX_init
    main.o(i.main) refers to main.o(i.nrf_gpio_cfg_output) for nrf_gpio_cfg_output
    main.o(i.main) refers to memcpya.o(.text) for __aeabi_memcpy4
    main.o(i.main) refers to app_uart_fifo.o(i.app_uart_init) for app_uart_init
    main.o(i.main) refers to app_error.o(i.app_error_handler_bare) for app_error_handler_bare
    main.o(i.main) refers to printf8.o(i.__0printf$8) for __2printf
    main.o(i.main) refers to main.o(i.twi_init) for twi_init
    main.o(i.main) refers to main.o(i.nrf_delay_ms) for nrf_delay_ms
    main.o(i.main) refers to main.o(i.RGBW_get) for RGBW_get
    main.o(i.main) refers to main.o(.constdata) for .constdata
    main.o(i.main) refers to main.o(.bss) for .bss
    main.o(i.main) refers to main.o(i.uart_error_handle) for uart_error_handle
    main.o(i.nrf_delay_ms) refers to system_nrf51.o(.data) for SystemCoreClock
    main.o(i.readi2cHighLow) refers to nrf_drv_twi.o(i.nrf_drv_twi_tx) for nrf_drv_twi_tx
    main.o(i.readi2cHighLow) refers to nrf_drv_twi.o(i.nrf_drv_twi_rx) for nrf_drv_twi_rx
    main.o(i.readi2cHighLow) refers to main.o(.constdata) for .constdata
    main.o(i.readi2cOneByte) refers to nrf_drv_twi.o(i.nrf_drv_twi_tx) for nrf_drv_twi_tx
    main.o(i.readi2cOneByte) refers to nrf_drv_twi.o(i.nrf_drv_twi_rx) for nrf_drv_twi_rx
    main.o(i.readi2cOneByte) refers to main.o(.constdata) for .constdata
    main.o(i.twi1_init) refers to nrf_drv_twi.o(i.nrf_drv_twi_init) for nrf_drv_twi_init
    main.o(i.twi1_init) refers to app_error.o(i.app_error_handler_bare) for app_error_handler_bare
    main.o(i.twi1_init) refers to nrf_drv_twi.o(i.nrf_drv_twi_enable) for nrf_drv_twi_enable
    main.o(i.twi1_init) refers to main.o(.constdata) for .constdata
    main.o(i.twi_init) refers to nrf_drv_twi.o(i.nrf_drv_twi_init) for nrf_drv_twi_init
    main.o(i.twi_init) refers to app_error.o(i.app_error_handler_bare) for app_error_handler_bare
    main.o(i.twi_init) refers to nrf_drv_twi.o(i.nrf_drv_twi_enable) for nrf_drv_twi_enable
    main.o(i.twi_init) refers to main.o(.constdata) for .constdata
    main.o(i.uart_error_handle) refers to app_error.o(i.app_error_handler_bare) for app_error_handler_bare
    main.o(i.writei2c) refers to nrf_drv_twi.o(i.nrf_drv_twi_tx) for nrf_drv_twi_tx
    main.o(i.writei2c) refers to main.o(.constdata) for .constdata
    main.o(i.writei2cOneByte) refers to nrf_drv_twi.o(i.nrf_drv_twi_tx) for nrf_drv_twi_tx
    main.o(i.writei2cOneByte) refers to main.o(.constdata) for .constdata
    arm_startup_nrf51.o(RESET) refers to arm_startup_nrf51.o(STACK) for __initial_sp
    arm_startup_nrf51.o(RESET) refers to arm_startup_nrf51.o(.text) for Reset_Handler
    arm_startup_nrf51.o(RESET) refers to nrf_drv_uart.o(i.UART0_IRQHandler) for UART0_IRQHandler
    arm_startup_nrf51.o(RESET) refers to nrf_drv_twi.o(i.SPI0_TWI0_IRQHandler) for SPI0_TWI0_IRQHandler
    arm_startup_nrf51.o(RESET) refers to nrf_drv_twi.o(i.SPI1_TWI1_IRQHandler) for SPI1_TWI1_IRQHandler
    arm_startup_nrf51.o(.text) refers to system_nrf51.o(i.SystemInit) for SystemInit
    arm_startup_nrf51.o(.text) refers to entry.o(.ARM.Collect$$$$00000000) for __main
    system_nrf51.o(i.SystemCoreClockUpdate) refers to system_nrf51.o(.data) for .data
    system_nrf51.o(i.SystemInit) refers to system_nrf51.o(i.is_manual_peripheral_setup_needed) for is_manual_peripheral_setup_needed
[...]
    segger_rtt.o(i.SEGGER_RTT_ReadNoLock) refers to segger_rtt.o(.bss) for .bss
    segger_rtt.o(i.SEGGER_RTT_SetNameDownBuffer) refers to segger_rtt.o(i._DoInit) for _DoInit
    segger_rtt.o(i.SEGGER_RTT_SetNameDownBuffer) refers to segger_rtt.o(.bss) for .bss
    segger_rtt.o(i.SEGGER_RTT_SetNameUpBuffer) refers to segger_rtt.o(i._DoInit) for _DoInit
    segger_rtt.o(i.SEGGER_RTT_SetNameUpBuffer) refers to segger_rtt.o(.bss) for .bss
    segger_rtt.o(i.SEGGER_RTT_SetTerminal) refers to segger_rtt.o(i._DoInit) for _DoInit
    segger_rtt.o(i.SEGGER_RTT_SetTerminal) refers to segger_rtt.o(i._GetAvailWriteSpace) for _GetAvailWriteSpace
    segger_rtt.o(i.SEGGER_RTT_SetTerminal) refers to segger_rtt.o(i._WriteNoCheck) for _WriteNoCheck
    segger_rtt.o(i.SEGGER_RTT_SetTerminal) refers to segger_rtt.o(i._WriteBlocking) for _WriteBlocking
    segger_rtt.o(i.SEGGER_RTT_SetTerminal) refers to segger_rtt.o(.bss) for .bss
    segger_rtt.o(i.SEGGER_RTT_SetTerminal) refers to segger_rtt.o(.data) for .data
    segger_rtt.o(i.SEGGER_RTT_TerminalOut) refers to segger_rtt.o(i._DoInit) for _DoInit
    segger_rtt.o(i.SEGGER_RTT_TerminalOut) refers to strlen.o(.text) for strlen
    segger_rtt.o(i.SEGGER_RTT_TerminalOut) refers to segger_rtt.o(i._GetAvailWriteSpace) for _GetAvailWriteSpace
    segger_rtt.o(i.SEGGER_RTT_TerminalOut) refers to segger_rtt.o(i._PostTerminalSwitch) for _PostTerminalSwitch
    segger_rtt.o(i.SEGGER_RTT_TerminalOut) refers to segger_rtt.o(i._WriteBlocking) for _WriteBlocking
    segger_rtt.o(i.SEGGER_RTT_TerminalOut) refers to segger_rtt.o(.bss) for .bss
    segger_rtt.o(i.SEGGER_RTT_TerminalOut) refers to segger_rtt.o(.data) for .data
    segger_rtt.o(i.SEGGER_RTT_WaitKey) refers to segger_rtt.o(i.SEGGER_RTT_GetKey) for SEGGER_RTT_GetKey
    segger_rtt.o(i.SEGGER_RTT_Write) refers to segger_rtt.o(i._DoInit) for _DoInit
    segger_rtt.o(i.SEGGER_RTT_Write) refers to segger_rtt.o(i.SEGGER_RTT_WriteNoLock) for SEGGER_RTT_WriteNoLock
    segger_rtt.o(i.SEGGER_RTT_Write) refers to segger_rtt.o(.bss) for .bss
    segger_rtt.o(i.SEGGER_RTT_WriteNoLock) refers to segger_rtt.o(i._GetAvailWriteSpace) for _GetAvailWriteSpace
    segger_rtt.o(i.SEGGER_RTT_WriteNoLock) refers to segger_rtt.o(i._WriteNoCheck) for _WriteNoCheck
    segger_rtt.o(i.SEGGER_RTT_WriteNoLock) refers to segger_rtt.o(i._WriteBlocking) for _WriteBlocking
    segger_rtt.o(i.SEGGER_RTT_WriteNoLock) refers to segger_rtt.o(.bss) for .bss
    segger_rtt.o(i.SEGGER_RTT_WriteSkipNoLock) refers to memcpya.o(.text) for __aeabi_memcpy
    segger_rtt.o(i.SEGGER_RTT_WriteSkipNoLock) refers to segger_rtt.o(.bss) for .bss
    segger_rtt.o(i.SEGGER_RTT_WriteString) refers to strlen.o(.text) for strlen
    segger_rtt.o(i.SEGGER_RTT_WriteString) refers to segger_rtt.o(i.SEGGER_RTT_Write) for SEGGER_RTT_Write
    segger_rtt.o(i._DoInit) refers to strcpy.o(.text) for strcpy
    segger_rtt.o(i._DoInit) refers to segger_rtt.o(.bss) for .bss
    segger_rtt.o(i._PostTerminalSwitch) refers to segger_rtt.o(i._WriteBlocking) for _WriteBlocking
    segger_rtt.o(i._PostTerminalSwitch) refers to segger_rtt.o(.data) for .data
    segger_rtt.o(i._WriteBlocking) refers to memcpya.o(.text) for __aeabi_memcpy
    segger_rtt.o(i._WriteNoCheck) refers to memcpya.o(.text) for __aeabi_memcpy
    entry.o(.ARM.Collect$$$$00000000) refers (Special) to entry10a.o(.ARM.Collect$$$$0000000D) for __rt_final_cpp
    entry.o(.ARM.Collect$$$$00000000) refers (Special) to entry11a.o(.ARM.Collect$$$$0000000F) for __rt_final_exit
    entry.o(.ARM.Collect$$$$00000000) refers (Special) to entry7b.o(.ARM.Collect$$$$00000008) for _main_clock
    entry.o(.ARM.Collect$$$$00000000) refers (Special) to entry8b.o(.ARM.Collect$$$$0000000A) for _main_cpp_init
    entry.o(.ARM.Collect$$$$00000000) refers (Special) to entry9a.o(.ARM.Collect$$$$0000000B) for _main_init
    entry.o(.ARM.Collect$$$$00000000) refers (Special) to entry5.o(.ARM.Collect$$$$00000004) for _main_scatterload
    entry.o(.ARM.Collect$$$$00000000) refers (Special) to entry2.o(.ARM.Collect$$$$00000001) for _main_stk
    printfb.o(i.__0fprintf$bare) refers to printfb.o(i._printf_core) for _printf_core
    printfb.o(i.__0fprintf$bare) refers to retarget.o(i.fputc) for fputc
    printfb.o(i.__0printf$bare) refers to printfb.o(i._printf_core) for _printf_core
    printfb.o(i.__0printf$bare) refers to retarget.o(i.fputc) for fputc
    printfb.o(i.__0printf$bare) refers to retarget.o(.data) for __stdout
    printfb.o(i.__0snprintf$bare) refers to printfb.o(i._printf_core) for _printf_core
    printfb.o(i.__0snprintf$bare) refers to printfb.o(i._snputc) for _snputc
    printfb.o(i.__0sprintf$bare) refers to printfb.o(i._printf_core) for _printf_core
    printfb.o(i.__0sprintf$bare) refers to printfb.o(i._sputc) for _sputc
    printfb.o(i.__0vfprintf$bare) refers to printfb.o(i._printf_core) for _printf_core
    printfb.o(i.__0vfprintf$bare) refers to retarget.o(i.fputc) for fputc
    printfb.o(i.__0vprintf$bare) refers to printfb.o(i._printf_core) for _printf_core
    printfb.o(i.__0vprintf$bare) refers to retarget.o(i.fputc) for fputc
    printfb.o(i.__0vprintf$bare) refers to retarget.o(.data) for __stdout
    printfb.o(i.__0vsnprintf$bare) refers to printfb.o(i._printf_core) for _printf_core
    printfb.o(i.__0vsnprintf$bare) refers to printfb.o(i._snputc) for _snputc
    printfb.o(i.__0vsprintf$bare) refers to printfb.o(i._printf_core) for _printf_core
    printfb.o(i.__0vsprintf$bare) refers to printfb.o(i._sputc) for _sputc
    printf0.o(i.__0fprintf$0) refers to printf0.o(i._printf_core) for _printf_core
    printf0.o(i.__0fprintf$0) refers to retarget.o(i.fputc) for fputc
    printf0.o(i.__0printf$0) refers to printf0.o(i._printf_core) for _printf_core
    printf0.o(i.__0printf$0) refers to retarget.o(i.fputc) for fputc
    printf0.o(i.__0printf$0) refers to retarget.o(.data) for __stdout
    printf0.o(i.__0snprintf$0) refers to printf0.o(i._printf_core) for _printf_core
    printf0.o(i.__0snprintf$0) refers to printf0.o(i._snputc) for _snputc
    printf0.o(i.__0sprintf$0) refers to printf0.o(i._printf_core) for _printf_core
    printf0.o(i.__0sprintf$0) refers to printf0.o(i._sputc) for _sputc
    printf0.o(i.__0vfprintf$0) refers to printf0.o(i._printf_core) for _printf_core
    printf0.o(i.__0vfprintf$0) refers to retarget.o(i.fputc) for fputc
    printf0.o(i.__0vprintf$0) refers to printf0.o(i._printf_core) for _printf_core
    printf0.o(i.__0vprintf$0) refers to retarget.o(i.fputc) for fputc
    printf0.o(i.__0vprintf$0) refers to retarget.o(.data) for __stdout
    printf0.o(i.__0vsnprintf$0) refers to printf0.o(i._printf_core) for _printf_core
    printf0.o(i.__0vsnprintf$0) refers to printf0.o(i._snputc) for _snputc
    printf0.o(i.__0vsprintf$0) refers to printf0.o(i._printf_core) for _printf_core
    printf0.o(i.__0vsprintf$0) refers to printf0.o(i._sputc) for _sputc
    printf1.o(i.__0fprintf$1) refers to printf1.o(i._printf_core) for _printf_core
    printf1.o(i.__0fprintf$1) refers to retarget.o(i.fputc) for fputc
    printf1.o(i.__0printf$1) refers to printf1.o(i._printf_core) for _printf_core
    printf1.o(i.__0printf$1) refers to retarget.o(i.fputc) for fputc
    printf1.o(i.__0printf$1) refers to retarget.o(.data) for __stdout
    printf1.o(i.__0snprintf$1) refers to printf1.o(i._printf_core) for _printf_core
    printf1.o(i.__0snprintf$1) refers to printf1.o(i._snputc) for _snputc
    printf1.o(i.__0sprintf$1) refers to printf1.o(i._printf_core) for _printf_core
    printf1.o(i.__0sprintf$1) refers to printf1.o(i._sputc) for _sputc
    printf1.o(i.__0vfprintf$1) refers to printf1.o(i._printf_core) for _printf_core
    printf1.o(i.__0vfprintf$1) refers to retarget.o(i.fputc) for fputc
    printf1.o(i.__0vprintf$1) refers to printf1.o(i._printf_core) for _printf_core
    printf1.o(i.__0vprintf$1) refers to retarget.o(i.fputc) for fputc
    printf1.o(i.__0vprintf$1) refers to retarget.o(.data) for __stdout
    printf1.o(i.__0vsnprintf$1) refers to printf1.o(i._printf_core) for _printf_core
    printf1.o(i.__0vsnprintf$1) refers to printf1.o(i._snputc) for _snputc
    printf1.o(i.__0vsprintf$1) refers to printf1.o(i._printf_core) for _printf_core
    printf1.o(i.__0vsprintf$1) refers to printf1.o(i._sputc) for _sputc
    printf1.o(i._printf_core) refers to uidiv.o(.text) for __aeabi_uidivmod
    printf2.o(i.__0fprintf$2) refers to printf2.o(i._printf_core) for _printf_core
    printf2.o(i.__0fprintf$2) refers to retarget.o(i.fputc) for fputc
    printf2.o(i.__0printf$2) refers to printf2.o(i._printf_core) for _printf_core
    printf2.o(i.__0printf$2) refers to retarget.o(i.fputc) for fputc
    printf2.o(i.__0printf$2) refers to retarget.o(.data) for __stdout
    printf2.o(i.__0snprintf$2) refers to printf2.o(i._printf_core) for _printf_core
    printf2.o(i.__0snprintf$2) refers to printf2.o(i._snputc) for _snputc
    printf2.o(i.__0sprintf$2) refers to printf2.o(i._printf_core) for _printf_core
    printf2.o(i.__0sprintf$2) refers to printf2.o(i._sputc) for _sputc
    printf2.o(i.__0vfprintf$2) refers to printf2.o(i._printf_core) for _printf_core
    printf2.o(i.__0vfprintf$2) refers to retarget.o(i.fputc) for fputc
    printf2.o(i.__0vprintf$2) refers to printf2.o(i._printf_core) for _printf_core
    printf2.o(i.__0vprintf$2) refers to retarget.o(i.fputc) for fputc
    printf2.o(i.__0vprintf$2) refers to retarget.o(.data) for __stdout
    printf2.o(i.__0vsnprintf$2) refers to printf2.o(i._printf_core) for _printf_core
    printf2.o(i.__0vsnprintf$2) refers to printf2.o(i._snputc) for _snputc
    printf2.o(i.__0vsprintf$2) refers to printf2.o(i._printf_core) for _printf_core
    printf2.o(i.__0vsprintf$2) refers to printf2.o(i._sputc) for _sputc
    printf3.o(i.__0fprintf$3) refers to printf3.o(i._printf_core) for _printf_core
    printf3.o(i.__0fprintf$3) refers to retarget.o(i.fputc) for fputc
    printf3.o(i.__0printf$3) refers to printf3.o(i._printf_core) for _printf_core
    printf3.o(i.__0printf$3) refers to retarget.o(i.fputc) for fputc
    printf3.o(i.__0printf$3) refers to retarget.o(.data) for __stdout
    printf3.o(i.__0snprintf$3) refers to printf3.o(i._printf_core) for _printf_core
    printf3.o(i.__0snprintf$3) refers to printf3.o(i._snputc) for _snputc
    printf3.o(i.__0sprintf$3) refers to printf3.o(i._printf_core) for _printf_core
    printf3.o(i.__0sprintf$3) refers to printf3.o(i._sputc) for _sputc
    printf3.o(i.__0vfprintf$3) refers to printf3.o(i._printf_core) for _printf_core
    printf3.o(i.__0vfprintf$3) refers to retarget.o(i.fputc) for fputc
    printf3.o(i.__0vprintf$3) refers to printf3.o(i._printf_core) for _printf_core
    printf3.o(i.__0vprintf$3) refers to retarget.o(i.fputc) for fputc
    printf3.o(i.__0vprintf$3) refers to retarget.o(.data) for __stdout
    printf3.o(i.__0vsnprintf$3) refers to printf3.o(i._printf_core) for _printf_core
    printf3.o(i.__0vsnprintf$3) refers to printf3.o(i._snputc) for _snputc
    printf3.o(i.__0vsprintf$3) refers to printf3.o(i._printf_core) for _printf_core
    printf3.o(i.__0vsprintf$3) refers to printf3.o(i._sputc) for _sputc
    printf3.o(i._printf_core) refers to uidiv.o(.text) for __aeabi_uidivmod
    printf4.o(i.__0fprintf$4) refers to printf4.o(i._printf_core) for _printf_core
    printf4.o(i.__0fprintf$4) refers to retarget.o(i.fputc) for fputc
    printf4.o(i.__0printf$4) refers to printf4.o(i._printf_core) for _printf_core
    printf4.o(i.__0printf$4) refers to retarget.o(i.fputc) for fputc
    printf4.o(i.__0printf$4) refers to retarget.o(.data) for __stdout
    printf4.o(i.__0snprintf$4) refers to printf4.o(i._printf_core) for _printf_core
    printf4.o(i.__0snprintf$4) refers to printf4.o(i._snputc) for _snputc
    printf4.o(i.__0sprintf$4) refers to printf4.o(i._printf_core) for _printf_core
    printf4.o(i.__0sprintf$4) refers to printf4.o(i._sputc) for _sputc
    printf4.o(i.__0vfprintf$4) refers to printf4.o(i._printf_core) for _printf_core
    printf4.o(i.__0vfprintf$4) refers to retarget.o(i.fputc) for fputc
    printf4.o(i.__0vprintf$4) refers to printf4.o(i._printf_core) for _printf_core
    printf4.o(i.__0vprintf$4) refers to retarget.o(i.fputc) for fputc
    printf4.o(i.__0vprintf$4) refers to retarget.o(.data) for __stdout
    printf4.o(i.__0vsnprintf$4) refers to printf4.o(i._printf_core) for _printf_core
    printf4.o(i.__0vsnprintf$4) refers to printf4.o(i._snputc) for _snputc
    printf4.o(i.__0vsprintf$4) refers to printf4.o(i._printf_core) for _printf_core
    printf4.o(i.__0vsprintf$4) refers to printf4.o(i._sputc) for _sputc
    printf4.o(i._printf_core) refers to uldiv.o(.text) for __aeabi_uldivmod
    printf5.o(i.__0fprintf$5) refers to printf5.o(i._printf_core) for _printf_core
    printf5.o(i.__0fprintf$5) refers to retarget.o(i.fputc) for fputc
    printf5.o(i.__0printf$5) refers to printf5.o(i._printf_core) for _printf_core
    printf5.o(i.__0printf$5) refers to retarget.o(i.fputc) for fputc
    printf5.o(i.__0printf$5) refers to retarget.o(.data) for __stdout
    printf5.o(i.__0snprintf$5) refers to printf5.o(i._printf_core) for _printf_core
    printf5.o(i.__0snprintf$5) refers to printf5.o(i._snputc) for _snputc
    printf5.o(i.__0sprintf$5) refers to printf5.o(i._printf_core) for _printf_core
    printf5.o(i.__0sprintf$5) refers to printf5.o(i._sputc) for _sputc
    printf5.o(i.__0vfprintf$5) refers to printf5.o(i._printf_core) for _printf_core
    printf5.o(i.__0vfprintf$5) refers to retarget.o(i.fputc) for fputc
    printf5.o(i.__0vprintf$5) refers to printf5.o(i._printf_core) for _printf_core
    printf5.o(i.__0vprintf$5) refers to retarget.o(i.fputc) for fputc
    printf5.o(i.__0vprintf$5) refers to retarget.o(.data) for __stdout
    printf5.o(i.__0vsnprintf$5) refers to printf5.o(i._printf_core) for _printf_core
    printf5.o(i.__0vsnprintf$5) refers to printf5.o(i._snputc) for _snputc
    printf5.o(i.__0vsprintf$5) refers to printf5.o(i._printf_core) for _printf_core
    printf5.o(i.__0vsprintf$5) refers to printf5.o(i._sputc) for _sputc
    printf5.o(i._printf_core) refers to uldiv.o(.text) for __aeabi_uldivmod
    printf6.o(i.__0fprintf$6) refers to printf6.o(i._printf_core) for _printf_core
    printf6.o(i.__0fprintf$6) refers to retarget.o(i.fputc) for fputc
    printf6.o(i.__0printf$6) refers to printf6.o(i._printf_core) for _printf_core
    printf6.o(i.__0printf$6) refers to retarget.o(i.fputc) for fputc
    printf6.o(i.__0printf$6) refers to retarget.o(.data) for __stdout
    printf6.o(i.__0snprintf$6) refers to printf6.o(i._printf_core) for _printf_core
    printf6.o(i.__0snprintf$6) refers to printf6.o(i._snputc) for _snputc
    printf6.o(i.__0sprintf$6) refers to printf6.o(i._printf_core) for _printf_core
    printf6.o(i.__0sprintf$6) refers to printf6.o(i._sputc) for _sputc
    printf6.o(i.__0vfprintf$6) refers to printf6.o(i._printf_core) for _printf_core
    printf6.o(i.__0vfprintf$6) refers to retarget.o(i.fputc) for fputc
    printf6.o(i.__0vprintf$6) refers to printf6.o(i._printf_core) for _printf_core
    printf6.o(i.__0vprintf$6) refers to retarget.o(i.fputc) for fputc
    printf6.o(i.__0vprintf$6) refers to retarget.o(.data) for __stdout
    printf6.o(i.__0vsnprintf$6) refers to printf6.o(i._printf_core) for _printf_core
    printf6.o(i.__0vsnprintf$6) refers to printf6.o(i._snputc) for _snputc
    printf6.o(i.__0vsprintf$6) refers to printf6.o(i._printf_core) for _printf_core
    printf6.o(i.__0vsprintf$6) refers to printf6.o(i._sputc) for _sputc
    printf6.o(i._printf_core) refers to printf6.o(i._printf_pre_padding) for _printf_pre_padding
    printf6.o(i._printf_core) refers to printf6.o(i._printf_post_padding) for _printf_post_padding
    printf6.o(i._printf_core) refers to uidiv.o(.text) for __aeabi_uidivmod
    printf7.o(i.__0fprintf$7) refers to printf7.o(i._printf_core) for _printf_core
    printf7.o(i.__0fprintf$7) refers to retarget.o(i.fputc) for fputc
    printf7.o(i.__0printf$7) refers to printf7.o(i._printf_core) for _printf_core
    printf7.o(i.__0printf$7) refers to retarget.o(i.fputc) for fputc
    printf7.o(i.__0printf$7) refers to retarget.o(.data) for __stdout
    printf7.o(i.__0snprintf$7) refers to printf7.o(i._printf_core) for _printf_core
    printf7.o(i.__0snprintf$7) refers to printf7.o(i._snputc) for _snputc
    printf7.o(i.__0sprintf$7) refers to printf7.o(i._printf_core) for _printf_core
    printf7.o(i.__0sprintf$7) refers to printf7.o(i._sputc) for _sputc
    printf7.o(i.__0vfprintf$7) refers to printf7.o(i._printf_core) for _printf_core
    printf7.o(i.__0vfprintf$7) refers to retarget.o(i.fputc) for fputc
    printf7.o(i.__0vprintf$7) refers to printf7.o(i._printf_core) for _printf_core
    printf7.o(i.__0vprintf$7) refers to retarget.o(i.fputc) for fputc
    printf7.o(i.__0vprintf$7) refers to retarget.o(.data) for __stdout
    printf7.o(i.__0vsnprintf$7) refers to printf7.o(i._printf_core) for _printf_core
    printf7.o(i.__0vsnprintf$7) refers to printf7.o(i._snputc) for _snputc
    printf7.o(i.__0vsprintf$7) refers to printf7.o(i._printf_core) for _printf_core
    printf7.o(i.__0vsprintf$7) refers to printf7.o(i._sputc) for _sputc
    printf7.o(i._printf_core) refers to printf7.o(i._printf_pre_padding) for _printf_pre_padding
    printf7.o(i._printf_core) refers to printf7.o(i._printf_post_padding) for _printf_post_padding
    printf7.o(i._printf_core) refers to uldiv.o(.text) for __aeabi_uldivmod
    printf8.o(i.__0fprintf$8) refers to printf8.o(i._printf_core) for _printf_core
    printf8.o(i.__0fprintf$8) refers to retarget.o(i.fputc) for fputc
    printf8.o(i.__0printf$8) refers to printf8.o(i._printf_core) for _printf_core
    printf8.o(i.__0printf$8) refers to retarget.o(i.fputc) for fputc
    printf8.o(i.__0printf$8) refers to retarget.o(.data) for __stdout
    printf8.o(i.__0snprintf$8) refers to printf8.o(i._printf_core) for _printf_core
    printf8.o(i.__0snprintf$8) refers to printf8.o(i._snputc) for _snputc
    printf8.o(i.__0sprintf$8) refers to printf8.o(i._printf_core) for _printf_core
    printf8.o(i.__0sprintf$8) refers to printf8.o(i._sputc) for _sputc
    printf8.o(i.__0vfprintf$8) refers to printf8.o(i._printf_core) for _printf_core
    printf8.o(i.__0vfprintf$8) refers to retarget.o(i.fputc) for fputc
    printf8.o(i.__0vprintf$8) refers to printf8.o(i._printf_core) for _printf_core
    printf8.o(i.__0vprintf$8) refers to retarget.o(i.fputc) for fputc
    printf8.o(i.__0vprintf$8) refers to retarget.o(.data) for __stdout
    printf8.o(i.__0vsnprintf$8) refers to printf8.o(i._printf_core) for _printf_core
    printf8.o(i.__0vsnprintf$8) refers to printf8.o(i._snputc) for _snputc
    printf8.o(i.__0vsprintf$8) refers to printf8.o(i._printf_core) for _printf_core
    printf8.o(i.__0vsprintf$8) refers to printf8.o(i._sputc) for _sputc
    printf8.o(i._printf_core) refers to printf8.o(i._printf_pre_padding) for _printf_pre_padding
    printf8.o(i._printf_core) refers to printf8.o(i._printf_post_padding) for _printf_post_padding
    printf8.o(i._printf_core) refers to uldiv.o(.text) for __aeabi_uldivmod
    printfa.o(i.__0fprintf) refers (Special) to iusefp.o(.text) for __I$use$fp
    printfa.o(i.__0fprintf) refers to printfa.o(i._printf_core) for _printf_core
    printfa.o(i.__0fprintf) refers to retarget.o(i.fputc) for fputc
    printfa.o(i.__0printf) refers (Special) to iusefp.o(.text) for __I$use$fp
    printfa.o(i.__0printf) refers to printfa.o(i._printf_core) for _printf_core
    printfa.o(i.__0printf) refers to retarget.o(i.fputc) for fputc
    printfa.o(i.__0printf) refers to retarget.o(.data) for __stdout
    printfa.o(i.__0snprintf) refers (Special) to iusefp.o(.text) for __I$use$fp
    printfa.o(i.__0snprintf) refers to printfa.o(i._printf_core) for _printf_core
    printfa.o(i.__0snprintf) refers to printfa.o(i._snputc) for _snputc
    printfa.o(i.__0sprintf) refers (Special) to iusefp.o(.text) for __I$use$fp
    printfa.o(i.__0sprintf) refers to printfa.o(i._printf_core) for _printf_core
    printfa.o(i.__0sprintf) refers to printfa.o(i._sputc) for _sputc
    printfa.o(i.__0vfprintf) refers (Special) to iusefp.o(.text) for __I$use$fp
    printfa.o(i.__0vfprintf) refers to printfa.o(i._printf_core) for _printf_core
    printfa.o(i.__0vfprintf) refers to retarget.o(i.fputc) for fputc
    printfa.o(i.__0vprintf) refers (Special) to iusefp.o(.text) for __I$use$fp
    printfa.o(i.__0vprintf) refers to printfa.o(i._printf_core) for _printf_core
    printfa.o(i.__0vprintf) refers to retarget.o(i.fputc) for fputc
    printfa.o(i.__0vprintf) refers to retarget.o(.data) for __stdout
    printfa.o(i.__0vsnprintf) refers (Special) to iusefp.o(.text) for __I$use$fp
    printfa.o(i.__0vsnprintf) refers to printfa.o(i._printf_core) for _printf_core
    printfa.o(i.__0vsnprintf) refers to printfa.o(i._snputc) for _snputc
    printfa.o(i.__0vsprintf) refers (Special) to iusefp.o(.text) for __I$use$fp
    printfa.o(i.__0vsprintf) refers to printfa.o(i._printf_core) for _printf_core
    printfa.o(i.__0vsprintf) refers to printfa.o(i._sputc) for _sputc
    printfa.o(i._fp_digits) refers (Special) to iusefp.o(.text) for __I$use$fp
    printfa.o(i._fp_digits) refers to dmul.o(.text) for __aeabi_dmul
    printfa.o(i._fp_digits) refers to ddiv.o(.text) for __aeabi_ddiv
    printfa.o(i._fp_digits) refers to cdrcmple.o(.text) for __aeabi_cdrcmple
    printfa.o(i._fp_digits) refers to dadd.o(.text) for __aeabi_dadd
    printfa.o(i._fp_digits) refers to dfixul.o(.text) for __aeabi_d2ulz
    printfa.o(i._fp_digits) refers to uldiv.o(.text) for __aeabi_uldivmod
    printfa.o(i._printf_core) refers (Special) to iusefp.o(.text) for __I$use$fp
    printfa.o(i._printf_core) refers to printfa.o(i._printf_pre_padding) for _printf_pre_padding
    printfa.o(i._printf_core) refers to uldiv.o(.text) for __aeabi_uldivmod
    printfa.o(i._printf_core) refers to printfa.o(i._printf_post_padding) for _printf_post_padding
    printfa.o(i._printf_core) refers to printfa.o(i._fp_digits) for _fp_digits
    printfa.o(i._printf_core) refers to uidiv.o(.text) for __aeabi_uidivmod
    printfa.o(i._printf_post_padding) refers (Special) to iusefp.o(.text) for __I$use$fp
    printfa.o(i._printf_pre_padding) refers (Special) to iusefp.o(.text) for __I$use$fp
    printfa.o(i._snputc) refers (Special) to iusefp.o(.text) for __I$use$fp
    printfa.o(i._sputc) refers (Special) to iusefp.o(.text) for __I$use$fp
    dmul.o(.text) refers (Special) to iusefp.o(.text) for __I$use$fp
    dmul.o(.text) refers to depilogue.o(.text) for _double_epilogue
    ddiv.o(.text) refers (Special) to iusefp.o(.text) for __I$use$fp
    ddiv.o(.text) refers to depilogue.o(.text) for _double_round
    dflti.o(.text) refers (Special) to iusefp.o(.text) for __I$use$fp
    dflti.o(.text) refers to depilogue.o(.text) for _double_epilogue
    dfltui.o(.text) refers (Special) to iusefp.o(.text) for __I$use$fp
    dfltui.o(.text) refers to depilogue.o(.text) for _double_epilogue
    dfixi.o(.text) refers (Special) to iusefp.o(.text) for __I$use$fp
    dfixi.o(.text) refers to llushr.o(.text) for __aeabi_llsr
    entry2.o(.ARM.Collect$$$$00000001) refers to entry2.o(.ARM.Collect$$$$00002712) for __lit__00000000
    entry2.o(.ARM.Collect$$$$00002712) refers to arm_startup_nrf51.o(STACK) for __initial_sp
    entry2.o(__vectab_stack_and_reset_area) refers to arm_startup_nrf51.o(STACK) for __initial_sp
    entry2.o(__vectab_stack_and_reset_area) refers to entry.o(.ARM.Collect$$$$00000000) for __main
    entry5.o(.ARM.Collect$$$$00000004) refers to init.o(.text) for __scatterload
    entry9a.o(.ARM.Collect$$$$0000000B) refers to main.o(i.main) for main
    entry9b.o(.ARM.Collect$$$$0000000C) refers to main.o(i.main) for main
    uldiv.o(.text) refers to llushr.o(.text) for __aeabi_llsr
    uldiv.o(.text) refers to llshl.o(.text) for __aeabi_llsl
    depilogue.o(.text) refers to depilogue.o(i.__ARM_clz) for __ARM_clz
    depilogue.o(.text) refers to llshl.o(.text) for __aeabi_llsl
    depilogue.o(.text) refers to llushr.o(.text) for __aeabi_llsr
    dadd.o(.text) refers to llshl.o(.text) for __aeabi_llsl
    dadd.o(.text) refers to llsshr.o(.text) for __aeabi_lasr
    dadd.o(.text) refers to depilogue.o(.text) for _double_epilogue
    dfixul.o(.text) refers to llushr.o(.text) for __aeabi_llsr
    dfixul.o(.text) refers to llshl.o(.text) for __aeabi_llsl
    init.o(.text) refers to entry5.o(.ARM.Collect$$$$00000004) for __main_after_scatterload


==============================================================================

Removing Unused input sections from the image.

    Removing main.o(.rev16_text), (4 bytes).
    Removing main.o(.revsh_text), (4 bytes).
    Removing main.o(i.GPIOEXP1_init), (42 bytes).
    Removing main.o(i.GPIOEXP1_readPort0), (12 bytes).
    Removing main.o(i.LED_BT_off), (24 bytes).
    Removing main.o(i.LED_BT_on), (24 bytes).
    Removing main.o(i.RGBW_off), (34 bytes).
    Removing main.o(i.RGBW_on), (30 bytes).
    Removing main.o(i.readi2cOneByte), (48 bytes).
    Removing main.o(i.twi1_init), (48 bytes).
    Removing main.o(i.writei2c), (32 bytes).
    Removing main.o(i.writei2cOneByte), (28 bytes).
    Removing arm_startup_nrf51.o(HEAP), (2048 bytes).
    Removing system_nrf51.o(.rev16_text), (4 bytes).
    Removing system_nrf51.o(.revsh_text), (4 bytes).
    Removing system_nrf51.o(i.SystemCoreClockUpdate), (16 bytes).
    Removing nrf_drv_common.o(.rev16_text), (4 bytes).
    Removing nrf_drv_common.o(.revsh_text), (4 bytes).
    Removing nrf_drv_twi.o(.rev16_text), (4 bytes).
    Removing nrf_drv_twi.o(.revsh_text), (4 bytes).
    Removing nrf_drv_twi.o(i.nrf_drv_twi_data_count_get), (20 bytes).
    Removing nrf_drv_twi.o(i.nrf_drv_twi_disable), (56 bytes).
    Removing nrf_drv_twi.o(i.nrf_drv_twi_start_task_get), (16 bytes).
    Removing nrf_drv_twi.o(i.nrf_drv_twi_stopped_event_get), (8 bytes).
    Removing nrf_drv_twi.o(i.nrf_drv_twi_uninit), (104 bytes).
    Removing nrf_drv_uart.o(.rev16_text), (4 bytes).
    Removing nrf_drv_uart.o(.revsh_text), (4 bytes).
    Removing nrf_drv_uart.o(i.nrf_drv_uart_errorsrc_get), (20 bytes).
    Removing nrf_drv_uart.o(i.nrf_drv_uart_rx_abort), (22 bytes).
    Removing nrf_drv_uart.o(i.nrf_drv_uart_rx_disable), (28 bytes).
    Removing nrf_drv_uart.o(i.nrf_drv_uart_tx_abort), (48 bytes).
    Removing app_error.o(.rev16_text), (4 bytes).
    Removing app_error.o(.revsh_text), (4 bytes).
    Removing app_error.o(i.app_error_handler), (28 bytes).
    Removing app_error.o(i.app_error_save_and_stop), (100 bytes).
    Removing app_error.o(.bss), (32 bytes).
    Removing app_error_weak.o(.rev16_text), (4 bytes).
    Removing app_error_weak.o(.revsh_text), (4 bytes).
    Removing app_util_platform.o(.rev16_text), (4 bytes).
    Removing app_util_platform.o(.revsh_text), (4 bytes).
    Removing nrf_assert.o(.rev16_text), (4 bytes).
    Removing nrf_assert.o(.revsh_text), (4 bytes).
    Removing nrf_assert.o(i.assert_nrf_callback), (24 bytes).
    Removing app_uart_fifo.o(.rev16_text), (4 bytes).
    Removing app_uart_fifo.o(.revsh_text), (4 bytes).
    Removing app_uart_fifo.o(i.app_uart_close), (16 bytes).
    Removing app_uart_fifo.o(i.app_uart_flush), (28 bytes).
    Removing app_uart_fifo.o(i.app_uart_get), (56 bytes).
    Removing retarget.o(.rev16_text), (4 bytes).
    Removing retarget.o(.revsh_text), (4 bytes).
    Removing retarget.o(i.fgetc), (18 bytes).
    Removing retarget.o(.data), (4 bytes).
    Removing app_fifo.o(.rev16_text), (4 bytes).
    Removing app_fifo.o(.revsh_text), (4 bytes).
    Removing app_fifo.o(i.app_fifo_flush), (8 bytes).
    Removing app_fifo.o(i.app_fifo_peek), (34 bytes).
    Removing app_fifo.o(i.app_fifo_read), (72 bytes).
    Removing app_fifo.o(i.app_fifo_write), (78 bytes).
    Removing nrf_log_backend_serial.o(.rev16_text), (4 bytes).
    Removing nrf_log_backend_serial.o(.revsh_text), (4 bytes).
    Removing nrf_log_backend_serial.o(i.buf_len_update), (18 bytes).
    Removing nrf_log_backend_serial.o(i.nrf_log_backend_getchar), (56 bytes).
    Removing nrf_log_backend_serial.o(i.nrf_log_backend_hexdump_handler_get), (8 bytes).
    Removing nrf_log_backend_serial.o(i.nrf_log_backend_serial_hexdump_handler), (288 bytes).
    Removing nrf_log_backend_serial.o(i.nrf_log_backend_serial_std_handler), (234 bytes).
    Removing nrf_log_backend_serial.o(i.nrf_log_backend_std_handler_get), (8 bytes).
    Removing nrf_log_backend_serial.o(i.serial_is_busy), (16 bytes).
    Removing nrf_log_backend_serial.o(i.serial_tx), (44 bytes).
    Removing nrf_log_backend_serial.o(i.timestamp_process), (48 bytes).
    Removing nrf_log_backend_serial.o(.bss), (256 bytes).
    Removing nrf_log_frontend.o(.rev16_text), (4 bytes).
    Removing nrf_log_frontend.o(.revsh_text), (4 bytes).
    Removing nrf_log_frontend.o(i.cont_buf_prealloc), (108 bytes).
    Removing nrf_log_frontend.o(i.nrf_log_frontend_hexdump), (144 bytes).
    Removing nrf_log_frontend.o(i.nrf_log_frontend_init), (24 bytes).
    Removing nrf_log_frontend.o(i.nrf_log_frontend_std_1), (88 bytes).
    Removing nrf_log_frontend.o(i.nrf_log_frontend_std_2), (104 bytes).
    Removing nrf_log_frontend.o(i.nrf_log_frontend_std_3), (120 bytes).
    Removing nrf_log_frontend.o(i.nrf_log_frontend_std_4), (136 bytes).
    Removing nrf_log_frontend.o(i.nrf_log_frontend_std_5), (148 bytes).
    Removing nrf_log_frontend.o(i.nrf_log_frontend_std_6), (164 bytes).
    Removing nrf_log_frontend.o(i.nrf_log_getchar), (8 bytes).
    Removing nrf_log_frontend.o(i.nrf_log_handlers_set), (12 bytes).
    Removing nrf_log_frontend.o(i.nrf_log_init), (36 bytes).
    Removing nrf_log_frontend.o(i.nrf_log_push), (80 bytes).
    Removing segger_rtt.o(i.SEGGER_RTT_ConfigDownBuffer), (76 bytes).
    Removing segger_rtt.o(i.SEGGER_RTT_ConfigUpBuffer), (76 bytes).
    Removing segger_rtt.o(i.SEGGER_RTT_GetKey), (28 bytes).
    Removing segger_rtt.o(i.SEGGER_RTT_HasData), (20 bytes).
    Removing segger_rtt.o(i.SEGGER_RTT_HasKey), (36 bytes).
    Removing segger_rtt.o(i.SEGGER_RTT_Init), (20 bytes).
    Removing segger_rtt.o(i.SEGGER_RTT_Read), (8 bytes).
    Removing segger_rtt.o(i.SEGGER_RTT_ReadNoLock), (128 bytes).
    Removing segger_rtt.o(i.SEGGER_RTT_SetNameDownBuffer), (48 bytes).
    Removing segger_rtt.o(i.SEGGER_RTT_SetNameUpBuffer), (48 bytes).
    Removing segger_rtt.o(i.SEGGER_RTT_SetTerminal), (104 bytes).
    Removing segger_rtt.o(i.SEGGER_RTT_TerminalOut), (148 bytes).
    Removing segger_rtt.o(i.SEGGER_RTT_WaitKey), (12 bytes).
    Removing segger_rtt.o(i.SEGGER_RTT_Write), (36 bytes).
    Removing segger_rtt.o(i.SEGGER_RTT_WriteNoLock), (92 bytes).
    Removing segger_rtt.o(i.SEGGER_RTT_WriteSkipNoLock), (108 bytes).
    Removing segger_rtt.o(i.SEGGER_RTT_WriteString), (24 bytes).
    Removing segger_rtt.o(i._DoInit), (108 bytes).
    Removing segger_rtt.o(i._GetAvailWriteSpace), (22 bytes).
    Removing segger_rtt.o(i._PostTerminalSwitch), (32 bytes).
    Removing segger_rtt.o(i._WriteBlocking), (96 bytes).
    Removing segger_rtt.o(i._WriteNoCheck), (60 bytes).
    Removing segger_rtt.o(.bss), (1160 bytes).
    Removing segger_rtt.o(.data), (17 bytes).
    Removing dadd.o(.text), (356 bytes).
    Removing dfixul.o(.text), (64 bytes).
    Removing cdrcmple.o(.text), (40 bytes).
    Removing nrf_log_backend_serial.o(i.__ARM_common_switch8), (26 bytes).

113 unused section(s) (total 8459 bytes) removed from the image.

==============================================================================

Image Symbol Table

    Local Symbols

    Symbol Name                              Value     Ov Type        Size  Object(Section)

    RESET                                    0x00000000   Section      192  arm_startup_nrf51.o(RESET)
    ../clib/microlib/division.c              0x00000000   Number         0  uldiv.o ABSOLUTE
    ../clib/microlib/division.c              0x00000000   Number         0  uidiv.o ABSOLUTE
    ../clib/microlib/init/entry.s            0x00000000   Number         0  entry10a.o ABSOLUTE
    ../clib/microlib/init/entry.s            0x00000000   Number         0  entry5.o ABSOLUTE
    ../clib/microlib/init/entry.s            0x00000000   Number         0  entry2.o ABSOLUTE
    ../clib/microlib/init/entry.s            0x00000000   Number         0  entry8a.o ABSOLUTE
    ../clib/microlib/init/entry.s            0x00000000   Number         0  entry11b.o ABSOLUTE
    ../clib/microlib/init/entry.s            0x00000000   Number         0  entry11a.o ABSOLUTE
    ../clib/microlib/init/entry.s            0x00000000   Number         0  entry10b.o ABSOLUTE
    ../clib/microlib/init/entry.s            0x00000000   Number         0  entry.o ABSOLUTE
    ../clib/microlib/init/entry.s            0x00000000   Number         0  entry9b.o ABSOLUTE
    ../clib/microlib/init/entry.s            0x00000000   Number         0  entry9a.o ABSOLUTE
    ../clib/microlib/init/entry.s            0x00000000   Number         0  entry8b.o ABSOLUTE
    ../clib/microlib/init/entry.s            0x00000000   Number         0  entry7b.o ABSOLUTE
    ../clib/microlib/init/entry.s            0x00000000   Number         0  entry7a.o ABSOLUTE
    ../clib/microlib/longlong.c              0x00000000   Number         0  llushr.o ABSOLUTE
    ../clib/microlib/longlong.c              0x00000000   Number         0  llsshr.o ABSOLUTE
    ../clib/microlib/longlong.c              0x00000000   Number         0  llshl.o ABSOLUTE
    ../clib/microlib/printf/printf.c         0x00000000   Number         0  printf3.o ABSOLUTE
    ../clib/microlib/printf/printf.c         0x00000000   Number         0  printf8.o ABSOLUTE
    ../clib/microlib/printf/printf.c         0x00000000   Number         0  printfb.o ABSOLUTE
    ../clib/microlib/printf/printf.c         0x00000000   Number         0  printfa.o ABSOLUTE
    ../clib/microlib/printf/printf.c         0x00000000   Number         0  printf7.o ABSOLUTE
    ../clib/microlib/printf/printf.c         0x00000000   Number         0  printf0.o ABSOLUTE
    ../clib/microlib/printf/printf.c         0x00000000   Number         0  printf1.o ABSOLUTE
    ../clib/microlib/printf/printf.c         0x00000000   Number         0  printf6.o ABSOLUTE
    ../clib/microlib/printf/printf.c         0x00000000   Number         0  printf4.o ABSOLUTE
    ../clib/microlib/printf/printf.c         0x00000000   Number         0  printf2.o ABSOLUTE
    ../clib/microlib/printf/printf.c         0x00000000   Number         0  printf5.o ABSOLUTE
    ../clib/microlib/printf/stubs.s          0x00000000   Number         0  stubs.o ABSOLUTE
    ../clib/microlib/string/memcpy.c         0x00000000   Number         0  memcpya.o ABSOLUTE
    ../clib/microlib/string/memcpy.c         0x00000000   Number         0  memcpyb.o ABSOLUTE
    ../clib/microlib/string/strcpy.c         0x00000000   Number         0  strcpy.o ABSOLUTE
    ../clib/microlib/string/strlen.c         0x00000000   Number         0  strlen.o ABSOLUTE
    ../clib/microlib/stubs.s                 0x00000000   Number         0  iusefp.o ABSOLUTE
    ../fplib/microlib/fpadd.c                0x00000000   Number         0  dadd.o ABSOLUTE
    ../fplib/microlib/fpdiv.c                0x00000000   Number         0  ddiv.o ABSOLUTE
    ../fplib/microlib/fpepilogue.c           0x00000000   Number         0  depilogue.o ABSOLUTE
    ../fplib/microlib/fpfix.c                0x00000000   Number         0  dfixi.o ABSOLUTE
    ../fplib/microlib/fpfix.c                0x00000000   Number         0  dfixul.o ABSOLUTE
    ../fplib/microlib/fpflt.c                0x00000000   Number         0  dfltui.o ABSOLUTE
    ../fplib/microlib/fpflt.c                0x00000000   Number         0  dflti.o ABSOLUTE
    ../fplib/microlib/fpmul.c                0x00000000   Number         0  dmul.o ABSOLUTE
    ..\..\..\..\..\..\components\drivers_nrf\common\nrf_drv_common.c 0x00000000   Number         0  nrf_drv_common.o ABSOLUTE
    ..\..\..\..\..\..\components\drivers_nrf\twi_master\nrf_drv_twi.c 0x00000000   Number         0  nrf_drv_twi.o ABSOLUTE
    ..\..\..\..\..\..\components\drivers_nrf\uart\nrf_drv_uart.c 0x00000000   Number         0  nrf_drv_uart.o ABSOLUTE
    ..\..\..\..\..\..\components\libraries\fifo\app_fifo.c 0x00000000   Number         0  app_fifo.o ABSOLUTE
    ..\..\..\..\..\..\components\libraries\log\src\nrf_log_backend_serial.c 0x00000000   Number         0  nrf_log_backend_serial.o ABSOLUTE
    ..\..\..\..\..\..\components\libraries\log\src\nrf_log_frontend.c 0x00000000   Number         0  nrf_log_frontend.o ABSOLUTE
    ..\..\..\..\..\..\components\libraries\uart\app_uart_fifo.c 0x00000000   Number         0  app_uart_fifo.o ABSOLUTE
    ..\..\..\..\..\..\components\libraries\uart\retarget.c 0x00000000   Number         0  retarget.o ABSOLUTE
    ..\..\..\..\..\..\components\libraries\util\app_error.c 0x00000000   Number         0  app_error.o ABSOLUTE
    ..\..\..\..\..\..\components\libraries\util\app_error_weak.c 0x00000000   Number         0  app_error_weak.o ABSOLUTE
    ..\..\..\..\..\..\components\libraries\util\app_util_platform.c 0x00000000   Number         0  app_util_platform.o ABSOLUTE
    ..\..\..\..\..\..\components\libraries\util\nrf_assert.c 0x00000000   Number         0  nrf_assert.o ABSOLUTE
    ..\..\..\..\..\..\components\toolchain\arm\arm_startup_nrf51.s 0x00000000   Number         0  arm_startup_nrf51.o ABSOLUTE
    ..\..\..\..\..\..\components\toolchain\system_nrf51.c 0x00000000   Number         0  system_nrf51.o ABSOLUTE
    ..\..\..\..\..\..\external\segger_rtt\RTT_Syscalls_KEIL.c 0x00000000   Number         0  rtt_syscalls_keil.o ABSOLUTE
    ..\..\..\..\..\..\external\segger_rtt\SEGGER_RTT.c 0x00000000   Number         0  segger_rtt.o ABSOLUTE
    ..\..\..\..\..\..\external\segger_rtt\SEGGER_RTT_printf.c 0x00000000   Number         0  segger_rtt_printf.o ABSOLUTE
    ..\..\..\main.c                          0x00000000   Number         0  main.o ABSOLUTE
    ..\\..\\..\\..\\..\\..\\components\\drivers_nrf\\common\\nrf_drv_common.c 0x00000000   Number         0  nrf_drv_common.o ABSOLUTE
    ..\\..\\..\\..\\..\\..\\components\\drivers_nrf\\twi_master\\nrf_drv_twi.c 0x00000000   Number         0  nrf_drv_twi.o ABSOLUTE
    ..\\..\\..\\..\\..\\..\\components\\drivers_nrf\\uart\\nrf_drv_uart.c 0x00000000   Number         0  nrf_drv_uart.o ABSOLUTE
    ..\\..\\..\\..\\..\\..\\components\\libraries\\fifo\\app_fifo.c 0x00000000   Number         0  app_fifo.o ABSOLUTE
    ..\\..\\..\\..\\..\\..\\components\\libraries\\log\\src\\nrf_log_backend_serial.c 0x00000000   Number         0  nrf_log_backend_serial.o ABSOLUTE
    ..\\..\\..\\..\\..\\..\\components\\libraries\\log\\src\\nrf_log_frontend.c 0x00000000   Number         0  nrf_log_frontend.o ABSOLUTE
    ..\\..\\..\\..\\..\\..\\components\\libraries\\uart\\app_uart_fifo.c 0x00000000   Number         0  app_uart_fifo.o ABSOLUTE
    ..\\..\\..\\..\\..\\..\\components\\libraries\\uart\\retarget.c 0x00000000   Number         0  retarget.o ABSOLUTE
    ..\\..\\..\\..\\..\\..\\components\\libraries\\util\\app_error.c 0x00000000   Number         0  app_error.o ABSOLUTE
    ..\\..\\..\\..\\..\\..\\components\\libraries\\util\\app_error_weak.c 0x00000000   Number         0  app_error_weak.o ABSOLUTE
    ..\\..\\..\\..\\..\\..\\components\\libraries\\util\\app_util_platform.c 0x00000000   Number         0  app_util_platform.o ABSOLUTE
    ..\\..\\..\\..\\..\\..\\components\\libraries\\util\\nrf_assert.c 0x00000000   Number         0  nrf_assert.o ABSOLUTE
    ..\\..\\..\\..\\..\\..\\components\\toolchain\\system_nrf51.c 0x00000000   Number         0  system_nrf51.o ABSOLUTE
    ..\\..\\..\\main.c                       0x00000000   Number         0  main.o ABSOLUTE
    cdrcmple.s                               0x00000000   Number         0  cdrcmple.o ABSOLUTE
    dc.s                                     0x00000000   Number         0  dc.o ABSOLUTE
    handlers.s                               0x00000000   Number         0  handlers.o ABSOLUTE
    init.s                                   0x00000000   Number         0  init.o ABSOLUTE
    .ARM.Collect$$$$00000000                 0x000000c0   Section        0  entry.o(.ARM.Collect$$$$00000000)
    .ARM.Collect$$$$00000001                 0x000000c0   Section        4  entry2.o(.ARM.Collect$$$$00000001)
    .ARM.Collect$$$$00000004                 0x000000c4   Section        4  entry5.o(.ARM.Collect$$$$00000004)
    .ARM.Collect$$$$00000008                 0x000000c8   Section        0  entry7b.o(.ARM.Collect$$$$00000008)
    .ARM.Collect$$$$0000000A                 0x000000c8   Section        0  entry8b.o(.ARM.Collect$$$$0000000A)
    .ARM.Collect$$$$0000000B                 0x000000c8   Section        8  entry9a.o(.ARM.Collect$$$$0000000B)
    .ARM.Collect$$$$0000000D                 0x000000d0   Section        0  entry10a.o(.ARM.Collect$$$$0000000D)
    .ARM.Collect$$$$0000000F                 0x000000d0   Section        0  entry11a.o(.ARM.Collect$$$$0000000F)
    .ARM.Collect$$$$00002712                 0x000000d0   Section        4  entry2.o(.ARM.Collect$$$$00002712)
    __lit__00000000                          0x000000d0   Data           4  entry2.o(.ARM.Collect$$$$00002712)
    .text                                    0x000000d4   Section       56  arm_startup_nrf51.o(.text)
    .text                                    0x0000010c   Section        0  memcpya.o(.text)
    .text                                    0x00000130   Section        0  dmul.o(.text)
    .text                                    0x00000200   Section        0  ddiv.o(.text)
    .text                                    0x000002f0   Section        0  dflti.o(.text)
    .text                                    0x00000318   Section        0  dfltui.o(.text)
    .text                                    0x00000334   Section        0  dfixi.o(.text)
    .text                                    0x0000037c   Section        0  uldiv.o(.text)
    .text                                    0x000003dc   Section        0  llushr.o(.text)
    .text                                    0x000003fe   Section        0  iusefp.o(.text)
    .text                                    0x000003fe   Section        0  depilogue.o(.text)
    .text                                    0x000004c0   Section       36  init.o(.text)
    .text                                    0x000004e4   Section        0  llshl.o(.text)
    i.MUX_init                               0x00000504   Section        0  main.o(i.MUX_init)
    i.RGBW_get                               0x00000520   Section        0  main.o(i.RGBW_get)
    i.SPI0_TWI0_IRQHandler                   0x00000608   Section        0  nrf_drv_twi.o(i.SPI0_TWI0_IRQHandler)
    i.SPI1_TWI1_IRQHandler                   0x0000061c   Section        0  nrf_drv_twi.o(i.SPI1_TWI1_IRQHandler)
    i.SystemInit                             0x00000630   Section        0  system_nrf51.o(i.SystemInit)
    i.UART0_IRQHandler                       0x000006d0   Section        0  nrf_drv_uart.o(i.UART0_IRQHandler)
    i.__0printf$8                            0x000006e4   Section        0  printf8.o(i.__0printf$8)
    i.__ARM_clz                              0x00000704   Section        0  depilogue.o(i.__ARM_clz)
    i.__scatterload_copy                     0x00000732   Section       14  handlers.o(i.__scatterload_copy)
    i.__scatterload_null                     0x00000740   Section        2  handlers.o(i.__scatterload_null)
    i.__scatterload_zeroinit                 0x00000742   Section       14  handlers.o(i.__scatterload_zeroinit)
    i._printf_core                           0x00000750   Section        0  printf8.o(i._printf_core)
    _printf_core                             0x00000751   Thumb Code  1072  printf8.o(i._printf_core)
    i._printf_post_padding                   0x00000b80   Section        0  printf8.o(i._printf_post_padding)
    _printf_post_padding                     0x00000b81   Thumb Code    32  printf8.o(i._printf_post_padding)
    i._printf_pre_padding                    0x00000ba0   Section        0  printf8.o(i._printf_pre_padding)
    _printf_pre_padding                      0x00000ba1   Thumb Code    44  printf8.o(i._printf_pre_padding)
    i.app_error_fault_handler                0x00000bcc   Section        0  app_error_weak.o(i.app_error_fault_handler)
    i.app_error_handler_bare                 0x00000c14   Section        0  app_error.o(i.app_error_handler_bare)
    i.app_fifo_get                           0x00000c2c   Section        0  app_fifo.o(i.app_fifo_get)
    i.app_fifo_init                          0x00000c42   Section        0  app_fifo.o(i.app_fifo_init)
    i.app_fifo_put                           0x00000c66   Section        0  app_fifo.o(i.app_fifo_put)
    i.app_uart_init                          0x00000c80   Section        0  app_uart_fifo.o(i.app_uart_init)
    i.app_uart_put                           0x00000d30   Section        0  app_uart_fifo.o(i.app_uart_put)
    i.app_util_critical_region_enter         0x00000d70   Section        0  app_util_platform.o(i.app_util_critical_region_enter)
    i.app_util_critical_region_exit          0x00000d78   Section        0  app_util_platform.o(i.app_util_critical_region_exit)
    i.app_util_disable_irq                   0x00000d80   Section        0  app_util_platform.o(i.app_util_disable_irq)
    i.app_util_enable_irq                    0x00000d90   Section        0  app_util_platform.o(i.app_util_enable_irq)
    i.buf_prealloc                           0x00000da4   Section        0  nrf_log_frontend.o(i.buf_prealloc)
    buf_prealloc                             0x00000da5   Thumb Code    84  nrf_log_frontend.o(i.buf_prealloc)
    i.buffer_is_empty                        0x00000e04   Section        0  nrf_log_frontend.o(i.buffer_is_empty)
    i.fifo_get                               0x00000e18   Section        0  app_fifo.o(i.fifo_get)
    fifo_get                                 0x00000e19   Thumb Code    20  app_fifo.o(i.fifo_get)
    i.fifo_put                               0x00000e2c   Section        0  app_fifo.o(i.fifo_put)
    fifo_put                                 0x00000e2d   Thumb Code    18  app_fifo.o(i.fifo_put)
    i.fputc                                  0x00000e3e   Section        0  retarget.o(i.fputc)
    i.irq_handler_twi                        0x00000e4c   Section        0  nrf_drv_twi.o(i.irq_handler_twi)
    irq_handler_twi                          0x00000e4d   Thumb Code   172  nrf_drv_twi.o(i.irq_handler_twi)
    i.is_manual_peripheral_setup_needed      0x00000ef8   Section        0  system_nrf51.o(i.is_manual_peripheral_setup_needed)
    is_manual_peripheral_setup_needed        0x00000ef9   Thumb Code    66  system_nrf51.o(i.is_manual_peripheral_setup_needed)
    i.main                                   0x00000f40   Section        0  main.o(i.main)
    i.nrf_delay_ms                           0x0000102c   Section        0  main.o(i.nrf_delay_ms)
    nrf_delay_ms                             0x0000102d   Thumb Code    44  main.o(i.nrf_delay_ms)
    i.nrf_delay_us                           0x00001060   Section        0  nrf_drv_twi.o(i.nrf_delay_us)
    nrf_delay_us                             0x00001061   Thumb Code    38  nrf_drv_twi.o(i.nrf_delay_us)
    i.nrf_drv_common_irq_enable              0x00001090   Section        0  nrf_drv_common.o(i.nrf_drv_common_irq_enable)
    i.nrf_drv_twi_enable                     0x000010f0   Section        0  nrf_drv_twi.o(i.nrf_drv_twi_enable)
    i.nrf_drv_twi_init                       0x00001110   Section        0  nrf_drv_twi.o(i.nrf_drv_twi_init)
    i.nrf_drv_twi_rx                         0x00001198   Section        0  nrf_drv_twi.o(i.nrf_drv_twi_rx)
    i.nrf_drv_twi_tx                         0x000011bc   Section        0  nrf_drv_twi.o(i.nrf_drv_twi_tx)
    i.nrf_drv_twi_xfer                       0x000011e0   Section        0  nrf_drv_twi.o(i.nrf_drv_twi_xfer)
    i.nrf_drv_uart_init                      0x00001208   Section        0  nrf_drv_uart.o(i.nrf_drv_uart_init)
    i.nrf_drv_uart_rx                        0x000012e8   Section        0  nrf_drv_uart.o(i.nrf_drv_uart_rx)
    i.nrf_drv_uart_rx_enable                 0x00001344   Section        0  nrf_drv_uart.o(i.nrf_drv_uart_rx_enable)
    i.nrf_drv_uart_rx_for_uart               0x00001370   Section        0  nrf_drv_uart.o(i.nrf_drv_uart_rx_for_uart)
    nrf_drv_uart_rx_for_uart                 0x00001371   Thumb Code   164  nrf_drv_uart.o(i.nrf_drv_uart_rx_for_uart)
    i.nrf_drv_uart_tx                        0x00001418   Section        0  nrf_drv_uart.o(i.nrf_drv_uart_tx)
    i.nrf_drv_uart_tx_for_uart               0x0000144c   Section        0  nrf_drv_uart.o(i.nrf_drv_uart_tx_for_uart)
    nrf_drv_uart_tx_for_uart                 0x0000144d   Thumb Code   134  nrf_drv_uart.o(i.nrf_drv_uart_tx_for_uart)
    i.nrf_drv_uart_tx_in_progress            0x000014d8   Section        0  nrf_drv_uart.o(i.nrf_drv_uart_tx_in_progress)
    i.nrf_drv_uart_uninit                    0x000014f0   Section        0  nrf_drv_uart.o(i.nrf_drv_uart_uninit)
    i.nrf_gpio_cfg                           0x00001588   Section        0  nrf_drv_uart.o(i.nrf_gpio_cfg)
    nrf_gpio_cfg                             0x00001589   Thumb Code    32  nrf_drv_uart.o(i.nrf_gpio_cfg)
    i.nrf_gpio_cfg_default                   0x000015ac   Section        0  nrf_drv_uart.o(i.nrf_gpio_cfg_default)
    nrf_gpio_cfg_default                     0x000015ad   Thumb Code    18  nrf_drv_uart.o(i.nrf_gpio_cfg_default)
    i.nrf_gpio_cfg_input                     0x000015be   Section        0  nrf_drv_uart.o(i.nrf_gpio_cfg_input)
    nrf_gpio_cfg_input                       0x000015bf   Thumb Code    18  nrf_drv_uart.o(i.nrf_gpio_cfg_input)
    i.nrf_gpio_cfg_output                    0x000015d0   Section        0  main.o(i.nrf_gpio_cfg_output)
    nrf_gpio_cfg_output                      0x000015d1   Thumb Code    12  main.o(i.nrf_gpio_cfg_output)
    i.nrf_gpio_cfg_output                    0x000015e0   Section        0  nrf_drv_uart.o(i.nrf_gpio_cfg_output)
    nrf_gpio_cfg_output                      0x000015e1   Thumb Code    20  nrf_drv_uart.o(i.nrf_gpio_cfg_output)
    i.nrf_gpio_pin_set                       0x000015f4   Section        0  nrf_drv_twi.o(i.nrf_gpio_pin_set)
    nrf_gpio_pin_set                         0x000015f5   Thumb Code    10  nrf_drv_twi.o(i.nrf_gpio_pin_set)
    i.nrf_log_backend_init                   0x00001604   Section        0  nrf_log_backend_serial.o(i.nrf_log_backend_init)
    i.nrf_log_blocking_backend_set           0x0000167c   Section        0  nrf_log_frontend.o(i.nrf_log_blocking_backend_set)
    i.nrf_log_frontend_dequeue               0x00001688   Section        0  nrf_log_frontend.o(i.nrf_log_frontend_dequeue)
    i.nrf_log_frontend_std_0                 0x000017d4   Section        0  nrf_log_frontend.o(i.nrf_log_frontend_std_0)
    i.nrf_twi_errorsrc_get_and_clear         0x0000181c   Section        0  nrf_drv_twi.o(i.nrf_twi_errorsrc_get_and_clear)
    nrf_twi_errorsrc_get_and_clear           0x0000181d   Thumb Code    12  nrf_drv_twi.o(i.nrf_twi_errorsrc_get_and_clear)
    i.nrf_twi_event_check                    0x00001828   Section        0  nrf_drv_twi.o(i.nrf_twi_event_check)
    nrf_twi_event_check                      0x00001829   Thumb Code    10  nrf_drv_twi.o(i.nrf_twi_event_check)
    i.nrf_uart_errorsrc_get_and_clear        0x00001832   Section        0  nrf_drv_uart.o(i.nrf_uart_errorsrc_get_and_clear)
    nrf_uart_errorsrc_get_and_clear          0x00001833   Thumb Code    12  nrf_drv_uart.o(i.nrf_uart_errorsrc_get_and_clear)
    i.nrf_uart_event_check                   0x0000183e   Section        0  nrf_drv_uart.o(i.nrf_uart_event_check)
    nrf_uart_event_check                     0x0000183f   Thumb Code    10  nrf_drv_uart.o(i.nrf_uart_event_check)
    i.nrf_uart_hwfc_pins_set                 0x00001848   Section        0  nrf_drv_uart.o(i.nrf_uart_hwfc_pins_set)
    nrf_uart_hwfc_pins_set                   0x00001849   Thumb Code    12  nrf_drv_uart.o(i.nrf_uart_hwfc_pins_set)
    i.nrf_uart_int_enable_check              0x00001854   Section        0  nrf_drv_uart.o(i.nrf_uart_int_enable_check)
    nrf_uart_int_enable_check                0x00001855   Thumb Code    16  nrf_drv_uart.o(i.nrf_uart_int_enable_check)
    i.nrf_uart_txrx_pins_set                 0x00001864   Section        0  nrf_drv_uart.o(i.nrf_uart_txrx_pins_set)
    nrf_uart_txrx_pins_set                   0x00001865   Thumb Code    12  nrf_drv_uart.o(i.nrf_uart_txrx_pins_set)
    i.readi2cHighLow                         0x00001870   Section        0  main.o(i.readi2cHighLow)
    i.rx_byte                                0x000018a0   Section        0  nrf_drv_uart.o(i.rx_byte)
    rx_byte                                  0x000018a1   Thumb Code    38  nrf_drv_uart.o(i.rx_byte)
    i.rx_done_event                          0x000018c6   Section        0  nrf_drv_uart.o(i.rx_done_event)
    rx_done_event                            0x000018c7   Thumb Code    20  nrf_drv_uart.o(i.rx_done_event)
    i.rx_enable                              0x000018da   Section        0  nrf_drv_uart.o(i.rx_enable)
    rx_enable                                0x000018db   Thumb Code    26  nrf_drv_uart.o(i.rx_enable)
    i.twi_clear_bus                          0x000018f4   Section        0  nrf_drv_twi.o(i.twi_clear_bus)
    twi_clear_bus                            0x000018f5   Thumb Code   138  nrf_drv_twi.o(i.twi_clear_bus)
    i.twi_init                               0x0000198c   Section        0  main.o(i.twi_init)
    i.twi_process_error                      0x000019b8   Section        0  nrf_drv_twi.o(i.twi_process_error)
    twi_process_error                        0x000019b9   Thumb Code    28  nrf_drv_twi.o(i.twi_process_error)
    i.twi_rx_start_transfer                  0x000019d8   Section        0  nrf_drv_twi.o(i.twi_rx_start_transfer)
    twi_rx_start_transfer                    0x000019d9   Thumb Code   150  nrf_drv_twi.o(i.twi_rx_start_transfer)
    i.twi_send_byte                          0x00001a74   Section        0  nrf_drv_twi.o(i.twi_send_byte)
    twi_send_byte                            0x00001a75   Thumb Code    46  nrf_drv_twi.o(i.twi_send_byte)
    i.twi_transfer                           0x00001aa2   Section        0  nrf_drv_twi.o(i.twi_transfer)
    twi_transfer                             0x00001aa3   Thumb Code   264  nrf_drv_twi.o(i.twi_transfer)
    i.twi_tx_start_transfer                  0x00001bac   Section        0  nrf_drv_twi.o(i.twi_tx_start_transfer)
    twi_tx_start_transfer                    0x00001bad   Thumb Code   148  nrf_drv_twi.o(i.twi_tx_start_transfer)
    i.twi_xfer                               0x00001c44   Section        0  nrf_drv_twi.o(i.twi_xfer)
    twi_xfer                                 0x00001c45   Thumb Code   140  nrf_drv_twi.o(i.twi_xfer)
    i.tx_byte                                0x00001cd0   Section        0  nrf_drv_uart.o(i.tx_byte)
    tx_byte                                  0x00001cd1   Thumb Code    30  nrf_drv_uart.o(i.tx_byte)
    i.tx_done_event                          0x00001cee   Section        0  nrf_drv_uart.o(i.tx_done_event)
    tx_done_event                            0x00001cef   Thumb Code    24  nrf_drv_uart.o(i.tx_done_event)
    i.uart_error_handle                      0x00001d06   Section        0  main.o(i.uart_error_handle)
    i.uart_event_handler                     0x00001d1c   Section        0  app_uart_fifo.o(i.uart_event_handler)
    uart_event_handler                       0x00001d1d   Thumb Code   168  app_uart_fifo.o(i.uart_event_handler)
    i.uart_event_handler                     0x00001dcc   Section        0  nrf_log_backend_serial.o(i.uart_event_handler)
    uart_event_handler                       0x00001dcd   Thumb Code    12  nrf_log_backend_serial.o(i.uart_event_handler)
    i.uart_irq_handler                       0x00001ddc   Section        0  nrf_drv_uart.o(i.uart_irq_handler)
    uart_irq_handler                         0x00001ddd   Thumb Code   292  nrf_drv_uart.o(i.uart_irq_handler)
    .constdata                               0x00001f00   Section       72  main.o(.constdata)
    m_twi                                    0x00001f00   Data           8  main.o(.constdata)
    m_twi1                                   0x00001f08   Data           8  main.o(.constdata)
    .constdata                               0x00001f48   Section       12  nrf_drv_twi.o(.constdata)
    .constdata                               0x00001f54   Section       32  app_uart_fifo.o(.constdata)
    .constdata                               0x00001f74   Section       32  nrf_log_backend_serial.o(.constdata)
    .constdata                               0x00001f94   Section       36  nrf_log_frontend.o(.constdata)
    .conststring                             0x00001fb8   Section       11  nrf_log_frontend.o(.conststring)
    .data                                    0x20000000   Section        4  system_nrf51.o(.data)
    __tagsym$$used                           0x20000000   Number         0  system_nrf51.o(.data)
    .data                                    0x20000004   Section        4  app_util_platform.o(.data)
    m_in_critical_region                     0x20000004   Data           4  app_util_platform.o(.data)
    .data                                    0x20000008   Section       16  app_uart_fifo.o(.data)
    tx_buffer                                0x20000008   Data           1  app_uart_fifo.o(.data)
    rx_buffer                                0x20000009   Data           1  app_uart_fifo.o(.data)
    m_rx_ovf                                 0x2000000a   Data           1  app_uart_fifo.o(.data)
    m_event_handler                          0x2000000c   Data           4  app_uart_fifo.o(.data)
    app_uart_inst                            0x20000010   Data           8  app_uart_fifo.o(.data)
    .data                                    0x20000018   Section        4  retarget.o(.data)
    .data                                    0x2000001c   Section       12  nrf_log_backend_serial.o(.data)
    m_initialized                            0x2000001c   Data           1  nrf_log_backend_serial.o(.data)
    m_blocking_mode                          0x2000001d   Data           1  nrf_log_backend_serial.o(.data)
    m_rx_done                                0x2000001e   Data           1  nrf_log_backend_serial.o(.data)
    m_uart                                   0x20000020   Data           8  nrf_log_backend_serial.o(.data)
    .data                                    0x20000028   Section        4  nrf_log_frontend.o(.data)
    m_overflow_info                          0x20000028   Data           4  nrf_log_frontend.o(.data)
    .bss                                     0x20000030   Section      536  main.o(.bss)
    RGBreturn                                0x20000030   Data          24  main.o(.bss)
    rx_buf                                   0x20000048   Data         256  main.o(.bss)
    tx_buf                                   0x20000148   Data         256  main.o(.bss)
    .bss                                     0x20000248   Section       80  nrf_drv_twi.o(.bss)
    m_cb                                     0x20000248   Data          80  nrf_drv_twi.o(.bss)
    .bss                                     0x20000298   Section       28  nrf_drv_uart.o(.bss)
    m_cb                                     0x20000298   Data          28  nrf_drv_uart.o(.bss)
    .bss                                     0x200002b4   Section       32  app_uart_fifo.o(.bss)
    m_rx_fifo                                0x200002b4   Data          16  app_uart_fifo.o(.bss)
    m_tx_fifo                                0x200002c4   Data          16  app_uart_fifo.o(.bss)
    .bss                                     0x200002d4   Section     1048  nrf_log_frontend.o(.bss)
    m_log_data                               0x200002d4   Data        1048  nrf_log_frontend.o(.bss)
    STACK                                    0x200006f0   Section     2048  arm_startup_nrf51.o(STACK)

    Global Symbols

    Symbol Name                              Value     Ov Type        Size  Object(Section)

    BuildAttributes$$THM_ISAv3M$S$PE$A:L22$X:L11$S22$IEEE1$IW$USESV6$~STKCKD$USESV7$~SHL$OSPACE$ROPI$EBA8$MICROLIB$REQ8$PRES8$EABIv2 0x00000000   Number         0  anon$$obj.o ABSOLUTE
    __ARM_use_no_argv                        0x00000000   Number         0  main.o ABSOLUTE
    __Vectors                                0x00000000   Data           4  arm_startup_nrf51.o(RESET)
    _printf_a                                0x00000000   Number         0  stubs.o ABSOLUTE
    _printf_c                                0x00000000   Number         0  stubs.o ABSOLUTE
    _printf_charcount                        0x00000000   Number         0  stubs.o ABSOLUTE
    _printf_d                                0x00000000   Number         0  stubs.o ABSOLUTE
    _printf_e                                0x00000000   Number         0  stubs.o ABSOLUTE
    _printf_f                                0x00000000   Number         0  stubs.o ABSOLUTE
    _printf_flags                            0x00000000   Number         0  stubs.o ABSOLUTE
    _printf_fp_dec                           0x00000000   Number         0  stubs.o ABSOLUTE
    _printf_fp_hex                           0x00000000   Number         0  stubs.o ABSOLUTE
    _printf_g                                0x00000000   Number         0  stubs.o ABSOLUTE
    _printf_i                                0x00000000   Number         0  stubs.o ABSOLUTE
    _printf_int_dec                          0x00000000   Number         0  stubs.o ABSOLUTE
    _printf_l                                0x00000000   Number         0  stubs.o ABSOLUTE
    _printf_lc                               0x00000000   Number         0  stubs.o ABSOLUTE
    _printf_ll                               0x00000000   Number         0  stubs.o ABSOLUTE
    _printf_lld                              0x00000000   Number         0  stubs.o ABSOLUTE
    _printf_lli                              0x00000000   Number         0  stubs.o ABSOLUTE
    _printf_llo                              0x00000000   Number         0  stubs.o ABSOLUTE
    _printf_llu                              0x00000000   Number         0  stubs.o ABSOLUTE
    _printf_llx                              0x00000000   Number         0  stubs.o ABSOLUTE
    _printf_longlong_dec                     0x00000000   Number         0  stubs.o ABSOLUTE
    _printf_longlong_hex                     0x00000000   Number         0  stubs.o ABSOLUTE
    _printf_longlong_oct                     0x00000000   Number         0  stubs.o ABSOLUTE
    _printf_ls                               0x00000000   Number         0  stubs.o ABSOLUTE
    _printf_mbtowc                           0x00000000   Number         0  stubs.o ABSOLUTE
    _printf_n                                0x00000000   Number         0  stubs.o ABSOLUTE
    _printf_o                                0x00000000   Number         0  stubs.o ABSOLUTE
    _printf_p                                0x00000000   Number         0  stubs.o ABSOLUTE
    _printf_percent                          0x00000000   Number         0  stubs.o ABSOLUTE
    _printf_pre_padding                      0x00000000   Number         0  stubs.o ABSOLUTE
    _printf_return_value                     0x00000000   Number         0  stubs.o ABSOLUTE
    _printf_s                                0x00000000   Number         0  stubs.o ABSOLUTE
    _printf_sizespec                         0x00000000   Number         0  stubs.o ABSOLUTE
    _printf_str                              0x00000000   Number         0  stubs.o ABSOLUTE
    _printf_truncate_signed                  0x00000000   Number         0  stubs.o ABSOLUTE
    _printf_truncate_unsigned                0x00000000   Number         0  stubs.o ABSOLUTE
    _printf_u                                0x00000000   Number         0  stubs.o ABSOLUTE
    _printf_wc                               0x00000000   Number         0  stubs.o ABSOLUTE
    _printf_wctomb                           0x00000000   Number         0  stubs.o ABSOLUTE
    _printf_widthprec                        0x00000000   Number         0  stubs.o ABSOLUTE
    _printf_x                                0x00000000   Number         0  stubs.o ABSOLUTE
    __cpp_initialize__aeabi_                  - Undefined Weak Reference
    __cxa_finalize                            - Undefined Weak Reference
    __decompress                              - Undefined Weak Reference
    _clock_init                               - Undefined Weak Reference
    _microlib_exit                            - Undefined Weak Reference
    __Vectors_End                            0x000000c0   Data           0  arm_startup_nrf51.o(RESET)
    __Vectors_Size                           0x000000c0   Number         0  arm_startup_nrf51.o ABSOLUTE
    __main                                   0x000000c1   Thumb Code     0  entry.o(.ARM.Collect$$$$00000000)
    _main_stk                                0x000000c1   Thumb Code     0  entry2.o(.ARM.Collect$$$$00000001)
    _main_scatterload                        0x000000c5   Thumb Code     0  entry5.o(.ARM.Collect$$$$00000004)
    __main_after_scatterload                 0x000000c9   Thumb Code     0  entry5.o(.ARM.Collect$$$$00000004)
    _main_clock                              0x000000c9   Thumb Code     0  entry7b.o(.ARM.Collect$$$$00000008)
    _main_cpp_init                           0x000000c9   Thumb Code     0  entry8b.o(.ARM.Collect$$$$0000000A)
    _main_init                               0x000000c9   Thumb Code     0  entry9a.o(.ARM.Collect$$$$0000000B)
    __rt_final_cpp                           0x000000d1   Thumb Code     0  entry10a.o(.ARM.Collect$$$$0000000D)
    __rt_final_exit                          0x000000d1   Thumb Code     0  entry11a.o(.ARM.Collect$$$$0000000F)
    Reset_Handler                            0x000000d5   Thumb Code    26  arm_startup_nrf51.o(.text)
    NMI_Handler                              0x000000ef   Thumb Code     2  arm_startup_nrf51.o(.text)
    HardFault_Handler                        0x000000f1   Thumb Code     2  arm_startup_nrf51.o(.text)
    SVC_Handler                              0x000000f3   Thumb Code     2  arm_startup_nrf51.o(.text)
    PendSV_Handler                           0x000000f5   Thumb Code     2  arm_startup_nrf51.o(.text)
    SysTick_Handler                          0x000000f7   Thumb Code     2  arm_startup_nrf51.o(.text)
    ADC_IRQHandler                           0x000000f9   Thumb Code     0  arm_startup_nrf51.o(.text)
    CCM_AAR_IRQHandler                       0x000000f9   Thumb Code     0  arm_startup_nrf51.o(.text)
    ECB_IRQHandler                           0x000000f9   Thumb Code     0  arm_startup_nrf51.o(.text)
    GPIOTE_IRQHandler                        0x000000f9   Thumb Code     0  arm_startup_nrf51.o(.text)
    LPCOMP_IRQHandler                        0x000000f9   Thumb Code     0  arm_startup_nrf51.o(.text)
    POWER_CLOCK_IRQHandler                   0x000000f9   Thumb Code     0  arm_startup_nrf51.o(.text)
    QDEC_IRQHandler                          0x000000f9   Thumb Code     0  arm_startup_nrf51.o(.text)
    RADIO_IRQHandler                         0x000000f9   Thumb Code     0  arm_startup_nrf51.o(.text)
    RNG_IRQHandler                           0x000000f9   Thumb Code     0  arm_startup_nrf51.o(.text)
    RTC0_IRQHandler                          0x000000f9   Thumb Code     0  arm_startup_nrf51.o(.text)
    RTC1_IRQHandler                          0x000000f9   Thumb Code     0  arm_startup_nrf51.o(.text)
    SWI0_IRQHandler                          0x000000f9   Thumb Code     0  arm_startup_nrf51.o(.text)
    SWI1_IRQHandler                          0x000000f9   Thumb Code     0  arm_startup_nrf51.o(.text)
    SWI2_IRQHandler                          0x000000f9   Thumb Code     0  arm_startup_nrf51.o(.text)
    SWI3_IRQHandler                          0x000000f9   Thumb Code     0  arm_startup_nrf51.o(.text)
    SWI4_IRQHandler                          0x000000f9   Thumb Code     0  arm_startup_nrf51.o(.text)
    SWI5_IRQHandler                          0x000000f9   Thumb Code     0  arm_startup_nrf51.o(.text)
    TEMP_IRQHandler                          0x000000f9   Thumb Code     0  arm_startup_nrf51.o(.text)
    TIMER0_IRQHandler                        0x000000f9   Thumb Code     0  arm_startup_nrf51.o(.text)
    TIMER1_IRQHandler                        0x000000f9   Thumb Code     0  arm_startup_nrf51.o(.text)
    TIMER2_IRQHandler                        0x000000f9   Thumb Code     0  arm_startup_nrf51.o(.text)
    WDT_IRQHandler                           0x000000f9   Thumb Code     0  arm_startup_nrf51.o(.text)
    __aeabi_memcpy                           0x0000010d   Thumb Code    36  memcpya.o(.text)
    __aeabi_memcpy4                          0x0000010d   Thumb Code     0  memcpya.o(.text)
    __aeabi_memcpy8                          0x0000010d   Thumb Code     0  memcpya.o(.text)
    __aeabi_dmul                             0x00000131   Thumb Code   202  dmul.o(.text)
    __aeabi_ddiv                             0x00000201   Thumb Code   234  ddiv.o(.text)
    __aeabi_i2d                              0x000002f1   Thumb Code    34  dflti.o(.text)
    __aeabi_ui2d                             0x00000319   Thumb Code    24  dfltui.o(.text)
    __aeabi_d2iz                             0x00000335   Thumb Code    62  dfixi.o(.text)
    __aeabi_uldivmod                         0x0000037d   Thumb Code    96  uldiv.o(.text)
    __aeabi_llsr                             0x000003dd   Thumb Code    34  llushr.o(.text)
    _ll_ushift_r                             0x000003dd   Thumb Code     0  llushr.o(.text)
    __I$use$fp                               0x000003ff   Thumb Code     0  iusefp.o(.text)
    _double_round                            0x000003ff   Thumb Code    26  depilogue.o(.text)
    _double_epilogue                         0x00000419   Thumb Code   166  depilogue.o(.text)
    __scatterload                            0x000004c1   Thumb Code    28  init.o(.text)
    __scatterload_rt2                        0x000004c1   Thumb Code     0  init.o(.text)
    __aeabi_llsl                             0x000004e5   Thumb Code    32  llshl.o(.text)
    _ll_shift_l                              0x000004e5   Thumb Code     0  llshl.o(.text)
    MUX_init                                 0x00000505   Thumb Code    28  main.o(i.MUX_init)
    RGBW_get                                 0x00000521   Thumb Code   224  main.o(i.RGBW_get)
    SPI0_TWI0_IRQHandler                     0x00000609   Thumb Code    12  nrf_drv_twi.o(i.SPI0_TWI0_IRQHandler)
    SPI1_TWI1_IRQHandler                     0x0000061d   Thumb Code    12  nrf_drv_twi.o(i.SPI1_TWI1_IRQHandler)
    SystemInit                               0x00000631   Thumb Code   130  system_nrf51.o(i.SystemInit)
    UART0_IRQHandler                         0x000006d1   Thumb Code    12  nrf_drv_uart.o(i.UART0_IRQHandler)
    __0printf$8                              0x000006e5   Thumb Code    24  printf8.o(i.__0printf$8)
    __1printf$8                              0x000006e5   Thumb Code     0  printf8.o(i.__0printf$8)
    __2printf                                0x000006e5   Thumb Code     0  printf8.o(i.__0printf$8)
    __ARM_clz                                0x00000705   Thumb Code    46  depilogue.o(i.__ARM_clz)
    __scatterload_copy                       0x00000733   Thumb Code    14  handlers.o(i.__scatterload_copy)
    __scatterload_null                       0x00000741   Thumb Code     2  handlers.o(i.__scatterload_null)
    __scatterload_zeroinit                   0x00000743   Thumb Code    14  handlers.o(i.__scatterload_zeroinit)
    app_error_fault_handler                  0x00000bcd   Thumb Code    38  app_error_weak.o(i.app_error_fault_handler)
    app_error_handler_bare                   0x00000c15   Thumb Code    20  app_error.o(i.app_error_handler_bare)
    app_fifo_get                             0x00000c2d   Thumb Code    22  app_fifo.o(i.app_fifo_get)
    app_fifo_init                            0x00000c43   Thumb Code    36  app_fifo.o(i.app_fifo_init)
    app_fifo_put                             0x00000c67   Thumb Code    26  app_fifo.o(i.app_fifo_put)
    app_uart_init                            0x00000c81   Thumb Code   160  app_uart_fifo.o(i.app_uart_init)
    app_uart_put                             0x00000d31   Thumb Code    56  app_uart_fifo.o(i.app_uart_put)
    app_util_critical_region_enter           0x00000d71   Thumb Code     8  app_util_platform.o(i.app_util_critical_region_enter)
    app_util_critical_region_exit            0x00000d79   Thumb Code     8  app_util_platform.o(i.app_util_critical_region_exit)
    app_util_disable_irq                     0x00000d81   Thumb Code    12  app_util_platform.o(i.app_util_disable_irq)
    app_util_enable_irq                      0x00000d91   Thumb Code    14  app_util_platform.o(i.app_util_enable_irq)
    buffer_is_empty                          0x00000e05   Thumb Code    16  nrf_log_frontend.o(i.buffer_is_empty)
    fputc                                    0x00000e3f   Thumb Code    14  retarget.o(i.fputc)
    main                                     0x00000f41   Thumb Code   134  main.o(i.main)
    nrf_drv_common_irq_enable                0x00001091   Thumb Code    78  nrf_drv_common.o(i.nrf_drv_common_irq_enable)
    nrf_drv_twi_enable                       0x000010f1   Thumb Code    28  nrf_drv_twi.o(i.nrf_drv_twi_enable)
    nrf_drv_twi_init                         0x00001111   Thumb Code   124  nrf_drv_twi.o(i.nrf_drv_twi_init)
    nrf_drv_twi_rx                           0x00001199   Thumb Code    30  nrf_drv_twi.o(i.nrf_drv_twi_rx)
    nrf_drv_twi_tx                           0x000011bd   Thumb Code    36  nrf_drv_twi.o(i.nrf_drv_twi_tx)
    nrf_drv_twi_xfer                         0x000011e1   Thumb Code    36  nrf_drv_twi.o(i.nrf_drv_twi_xfer)
    nrf_drv_uart_init                        0x00001209   Thumb Code   210  nrf_drv_uart.o(i.nrf_drv_uart_init)
    nrf_drv_uart_rx                          0x000012e9   Thumb Code    86  nrf_drv_uart.o(i.nrf_drv_uart_rx)
    nrf_drv_uart_rx_enable                   0x00001345   Thumb Code    40  nrf_drv_uart.o(i.nrf_drv_uart_rx_enable)
    nrf_drv_uart_tx                          0x00001419   Thumb Code    46  nrf_drv_uart.o(i.nrf_drv_uart_tx)
    nrf_drv_uart_tx_in_progress              0x000014d9   Thumb Code    20  nrf_drv_uart.o(i.nrf_drv_uart_tx_in_progress)
    nrf_drv_uart_uninit                      0x000014f1   Thumb Code   138  nrf_drv_uart.o(i.nrf_drv_uart_uninit)
    nrf_log_backend_init                     0x00001605   Thumb Code   102  nrf_log_backend_serial.o(i.nrf_log_backend_init)
    nrf_log_blocking_backend_set             0x0000167d   Thumb Code    10  nrf_log_frontend.o(i.nrf_log_blocking_backend_set)
    nrf_log_frontend_dequeue                 0x00001689   Thumb Code   318  nrf_log_frontend.o(i.nrf_log_frontend_dequeue)
    nrf_log_frontend_std_0                   0x000017d5   Thumb Code    62  nrf_log_frontend.o(i.nrf_log_frontend_std_0)
    readi2cHighLow                           0x00001871   Thumb Code    42  main.o(i.readi2cHighLow)
    twi_init                                 0x0000198d   Thumb Code    40  main.o(i.twi_init)
    uart_error_handle                        0x00001d07   Thumb Code    20  main.o(i.uart_error_handle)
    Region$$Table$$Base                      0x00001fc4   Number         0  anon$$obj.o(Region$$Table)
    Region$$Table$$Limit                     0x00001fe4   Number         0  anon$$obj.o(Region$$Table)
    SystemCoreClock                          0x20000000   Data           4  system_nrf51.o(.data)
    __stdout                                 0x20000018   Data           4  retarget.o(.data)
    __initial_sp                             0x20000ef0   Data           0  arm_startup_nrf51.o(STACK)



==============================================================================

Memory Map of the image

  Image Entry point : 0x000000c1

  Load Region LR_IROM1 (Base: 0x00000000, Size: 0x00002010, Max: 0x00040000, ABSOLUTE)

    Execution Region ER_IROM1 (Base: 0x00000000, Size: 0x00001fe4, Max: 0x00040000, ABSOLUTE)

    Base Addr    Size         Type   Attr      Idx    E Section Name        Object

    0x00000000   0x000000c0   Data   RO          238    RESET               arm_startup_nrf51.o
    0x000000c0   0x00000000   Code   RO         1334  * .ARM.Collect$$$$00000000  mc_p.l(entry.o)
    0x000000c0   0x00000004   Code   RO         1616    .ARM.Collect$$$$00000001  mc_p.l(entry2.o)
    0x000000c4   0x00000004   Code   RO         1619    .ARM.Collect$$$$00000004  mc_p.l(entry5.o)
    0x000000c8   0x00000000   Code   RO         1621    .ARM.Collect$$$$00000008  mc_p.l(entry7b.o)
    0x000000c8   0x00000000   Code   RO         1623    .ARM.Collect$$$$0000000A  mc_p.l(entry8b.o)
    0x000000c8   0x00000008   Code   RO         1624    .ARM.Collect$$$$0000000B  mc_p.l(entry9a.o)
    0x000000d0   0x00000000   Code   RO         1626    .ARM.Collect$$$$0000000D  mc_p.l(entry10a.o)
    0x000000d0   0x00000000   Code   RO         1628    .ARM.Collect$$$$0000000F  mc_p.l(entry11a.o)
    0x000000d0   0x00000004   Code   RO         1617    .ARM.Collect$$$$00002712  mc_p.l(entry2.o)
    0x000000d4   0x00000038   Code   RO          239    .text               arm_startup_nrf51.o
    0x0000010c   0x00000024   Code   RO         1337    .text               mc_p.l(memcpya.o)
    0x00000130   0x000000d0   Code   RO         1606    .text               mf_p.l(dmul.o)
    0x00000200   0x000000f0   Code   RO         1608    .text               mf_p.l(ddiv.o)
    0x000002f0   0x00000028   Code   RO         1610    .text               mf_p.l(dflti.o)
    0x00000318   0x0000001c   Code   RO         1612    .text               mf_p.l(dfltui.o)
    0x00000334   0x00000048   Code   RO         1614    .text               mf_p.l(dfixi.o)
    0x0000037c   0x00000060   Code   RO         1632    .text               mc_p.l(uldiv.o)
    0x000003dc   0x00000022   Code   RO         1634    .text               mc_p.l(llushr.o)
    0x000003fe   0x00000000   Code   RO         1636    .text               mc_p.l(iusefp.o)
    0x000003fe   0x000000c0   Code   RO         1637    .text               mf_p.l(depilogue.o)
    0x000004be   0x00000002   PAD
    0x000004c0   0x00000024   Code   RO         1647    .text               mc_p.l(init.o)
    0x000004e4   0x00000020   Code   RO         1649    .text               mc_p.l(llshl.o)
    0x00000504   0x0000001c   Code   RO            7    i.MUX_init          main.o
    0x00000520   0x000000e8   Code   RO            8    i.RGBW_get          main.o
    0x00000608   0x00000014   Code   RO          318    i.SPI0_TWI0_IRQHandler  nrf_drv_twi.o
    0x0000061c   0x00000014   Code   RO          319    i.SPI1_TWI1_IRQHandler  nrf_drv_twi.o
    0x00000630   0x000000a0   Code   RO          246    i.SystemInit        system_nrf51.o
    0x000006d0   0x00000014   Code   RO          485    i.UART0_IRQHandler  nrf_drv_uart.o
    0x000006e4   0x00000020   Code   RO         1552    i.__0printf$8       mc_p.l(printf8.o)
    0x00000704   0x0000002e   Code   RO         1639    i.__ARM_clz         mf_p.l(depilogue.o)
    0x00000732   0x0000000e   Code   RO         1655    i.__scatterload_copy  mc_p.l(handlers.o)
    0x00000740   0x00000002   Code   RO         1656    i.__scatterload_null  mc_p.l(handlers.o)
    0x00000742   0x0000000e   Code   RO         1657    i.__scatterload_zeroinit  mc_p.l(handlers.o)
    0x00000750   0x00000430   Code   RO         1559    i._printf_core      mc_p.l(printf8.o)
    0x00000b80   0x00000020   Code   RO         1560    i._printf_post_padding  mc_p.l(printf8.o)
    0x00000ba0   0x0000002c   Code   RO         1561    i._printf_pre_padding  mc_p.l(printf8.o)
    0x00000bcc   0x00000048   Code   RO          706    i.app_error_fault_handler  app_error_weak.o
    0x00000c14   0x00000018   Code   RO          668    i.app_error_handler_bare  app_error.o
    0x00000c2c   0x00000016   Code   RO          903    i.app_fifo_get      app_fifo.o
    0x00000c42   0x00000024   Code   RO          904    i.app_fifo_init     app_fifo.o
    0x00000c66   0x0000001a   Code   RO          906    i.app_fifo_put      app_fifo.o
    0x00000c80   0x000000b0   Code   RO          791    i.app_uart_init     app_uart_fifo.o
    0x00000d30   0x00000040   Code   RO          792    i.app_uart_put      app_uart_fifo.o
    0x00000d70   0x00000008   Code   RO          729    i.app_util_critical_region_enter  app_util_platform.o
    0x00000d78   0x00000008   Code   RO          730    i.app_util_critical_region_exit  app_util_platform.o
    0x00000d80   0x00000010   Code   RO          731    i.app_util_disable_irq  app_util_platform.o
    0x00000d90   0x00000014   Code   RO          732    i.app_util_enable_irq  app_util_platform.o
    0x00000da4   0x00000060   Code   RO         1063    i.buf_prealloc      nrf_log_frontend.o
    0x00000e04   0x00000014   Code   RO         1064    i.buffer_is_empty   nrf_log_frontend.o
    0x00000e18   0x00000014   Code   RO          909    i.fifo_get          app_fifo.o
    0x00000e2c   0x00000012   Code   RO          910    i.fifo_put          app_fifo.o
    0x00000e3e   0x0000000e   Code   RO          869    i.fputc             retarget.o
    0x00000e4c   0x000000ac   Code   RO          320    i.irq_handler_twi   nrf_drv_twi.o
    0x00000ef8   0x00000048   Code   RO          247    i.is_manual_peripheral_setup_needed  system_nrf51.o
    0x00000f40   0x000000ec   Code   RO           11    i.main              main.o
    0x0000102c   0x00000034   Code   RO           12    i.nrf_delay_ms      main.o
    0x00001060   0x00000030   Code   RO          321    i.nrf_delay_us      nrf_drv_twi.o
    0x00001090   0x00000060   Code   RO          285    i.nrf_drv_common_irq_enable  nrf_drv_common.o
    0x000010f0   0x00000020   Code   RO          324    i.nrf_drv_twi_enable  nrf_drv_twi.o
    0x00001110   0x00000088   Code   RO          325    i.nrf_drv_twi_init  nrf_drv_twi.o
    0x00001198   0x00000024   Code   RO          326    i.nrf_drv_twi_rx    nrf_drv_twi.o
    0x000011bc   0x00000024   Code   RO          329    i.nrf_drv_twi_tx    nrf_drv_twi.o
    0x000011e0   0x00000028   Code   RO          331    i.nrf_drv_twi_xfer  nrf_drv_twi.o
    0x00001208   0x000000e0   Code   RO          487    i.nrf_drv_uart_init  nrf_drv_uart.o
    0x000012e8   0x0000005c   Code   RO          488    i.nrf_drv_uart_rx   nrf_drv_uart.o
    0x00001344   0x0000002c   Code   RO          491    i.nrf_drv_uart_rx_enable  nrf_drv_uart.o
    0x00001370   0x000000a8   Code   RO          492    i.nrf_drv_uart_rx_for_uart  nrf_drv_uart.o
    0x00001418   0x00000034   Code   RO          493    i.nrf_drv_uart_tx   nrf_drv_uart.o
    0x0000144c   0x0000008c   Code   RO          495    i.nrf_drv_uart_tx_for_uart  nrf_drv_uart.o
    0x000014d8   0x00000018   Code   RO          496    i.nrf_drv_uart_tx_in_progress  nrf_drv_uart.o
    0x000014f0   0x00000098   Code   RO          497    i.nrf_drv_uart_uninit  nrf_drv_uart.o
    0x00001588   0x00000024   Code   RO          498    i.nrf_gpio_cfg      nrf_drv_uart.o
    0x000015ac   0x00000012   Code   RO          499    i.nrf_gpio_cfg_default  nrf_drv_uart.o
    0x000015be   0x00000012   Code   RO          500    i.nrf_gpio_cfg_input  nrf_drv_uart.o
    0x000015d0   0x00000010   Code   RO           13    i.nrf_gpio_cfg_output  main.o
    0x000015e0   0x00000014   Code   RO          501    i.nrf_gpio_cfg_output  nrf_drv_uart.o
    0x000015f4   0x00000010   Code   RO          332    i.nrf_gpio_pin_set  nrf_drv_twi.o
    0x00001604   0x00000078   Code   RO          977    i.nrf_log_backend_init  nrf_log_backend_serial.o
    0x0000167c   0x0000000a   Code   RO         1066    i.nrf_log_blocking_backend_set  nrf_log_frontend.o
    0x00001686   0x00000002   PAD
    0x00001688   0x0000014c   Code   RO         1067    i.nrf_log_frontend_dequeue  nrf_log_frontend.o
    0x000017d4   0x00000048   Code   RO         1070    i.nrf_log_frontend_std_0  nrf_log_frontend.o
    0x0000181c   0x0000000c   Code   RO          333    i.nrf_twi_errorsrc_get_and_clear  nrf_drv_twi.o
    0x00001828   0x0000000a   Code   RO          334    i.nrf_twi_event_check  nrf_drv_twi.o
    0x00001832   0x0000000c   Code   RO          502    i.nrf_uart_errorsrc_get_and_clear  nrf_drv_uart.o
    0x0000183e   0x0000000a   Code   RO          503    i.nrf_uart_event_check  nrf_drv_uart.o
    0x00001848   0x0000000c   Code   RO          504    i.nrf_uart_hwfc_pins_set  nrf_drv_uart.o
    0x00001854   0x00000010   Code   RO          505    i.nrf_uart_int_enable_check  nrf_drv_uart.o
    0x00001864   0x0000000c   Code   RO          506    i.nrf_uart_txrx_pins_set  nrf_drv_uart.o
    0x00001870   0x00000030   Code   RO           14    i.readi2cHighLow    main.o
    0x000018a0   0x00000026   Code   RO          507    i.rx_byte           nrf_drv_uart.o
    0x000018c6   0x00000014   Code   RO          508    i.rx_done_event     nrf_drv_uart.o
    0x000018da   0x0000001a   Code   RO          509    i.rx_enable         nrf_drv_uart.o
    0x000018f4   0x00000098   Code   RO          335    i.twi_clear_bus     nrf_drv_twi.o
    0x0000198c   0x0000002c   Code   RO           17    i.twi_init          main.o
    0x000019b8   0x00000020   Code   RO          336    i.twi_process_error  nrf_drv_twi.o
    0x000019d8   0x0000009c   Code   RO          337    i.twi_rx_start_transfer  nrf_drv_twi.o
    0x00001a74   0x0000002e   Code   RO          338    i.twi_send_byte     nrf_drv_twi.o
    0x00001aa2   0x00000108   Code   RO          339    i.twi_transfer      nrf_drv_twi.o
    0x00001baa   0x00000002   PAD
    0x00001bac   0x00000098   Code   RO          340    i.twi_tx_start_transfer  nrf_drv_twi.o
    0x00001c44   0x0000008c   Code   RO          341    i.twi_xfer          nrf_drv_twi.o
    0x00001cd0   0x0000001e   Code   RO          510    i.tx_byte           nrf_drv_uart.o
    0x00001cee   0x00000018   Code   RO          511    i.tx_done_event     nrf_drv_uart.o
    0x00001d06   0x00000014   Code   RO           18    i.uart_error_handle  main.o
    0x00001d1a   0x00000002   PAD
    0x00001d1c   0x000000b0   Code   RO          793    i.uart_event_handler  app_uart_fifo.o
    0x00001dcc   0x00000010   Code   RO          984    i.uart_event_handler  nrf_log_backend_serial.o
    0x00001ddc   0x00000124   Code   RO          512    i.uart_irq_handler  nrf_drv_uart.o
    0x00001f00   0x00000048   Data   RO           22    .constdata          main.o
    0x00001f48   0x0000000c   Data   RO          343    .constdata          nrf_drv_twi.o
    0x00001f54   0x00000020   Data   RO          795    .constdata          app_uart_fifo.o
    0x00001f74   0x00000020   Data   RO          986    .constdata          nrf_log_backend_serial.o
    0x00001f94   0x00000024   Data   RO         1082    .constdata          nrf_log_frontend.o
    0x00001fb8   0x0000000b   Data   RO         1083    .conststring        nrf_log_frontend.o
    0x00001fc3   0x00000001   PAD
    0x00001fc4   0x00000020   Data   RO         1653    Region$$Table       anon$$obj.o


    Execution Region RW_IRAM1 (Base: 0x20000000, Size: 0x00000ef0, Max: 0x00008000, ABSOLUTE)

    Base Addr    Size         Type   Attr      Idx    E Section Name        Object

    0x20000000   0x00000004   Data   RW          248    .data               system_nrf51.o
    0x20000004   0x00000004   Data   RW          733    .data               app_util_platform.o
    0x20000008   0x00000010   Data   RW          796    .data               app_uart_fifo.o
    0x20000018   0x00000004   Data   RW          870    .data               retarget.o
    0x2000001c   0x0000000c   Data   RW          987    .data               nrf_log_backend_serial.o
    0x20000028   0x00000004   Data   RW         1084    .data               nrf_log_frontend.o
    0x2000002c   0x00000004   PAD
    0x20000030   0x00000218   Zero   RW           21    .bss                main.o
    0x20000248   0x00000050   Zero   RW          342    .bss                nrf_drv_twi.o
    0x20000298   0x0000001c   Zero   RW          513    .bss                nrf_drv_uart.o
    0x200002b4   0x00000020   Zero   RW          794    .bss                app_uart_fifo.o
    0x200002d4   0x00000418   Zero   RW         1081    .bss                nrf_log_frontend.o
    0x200006ec   0x00000004   PAD
    0x200006f0   0x00000800   Zero   RW          236    STACK               arm_startup_nrf51.o


==============================================================================

Image component sizes


      Code (inc. data)   RO Data    RW Data    ZI Data      Debug   Object Name

        24          4          0          0          0        597   app_error.o
        72         34          0          0          0       7218   app_error_weak.o
       122          0          0          0          0       3746   app_fifo.o
       416         32         32         16         32       9475   app_uart_fifo.o
        52         10          0          4          0       2964   app_util_platform.o
        56         18        192          0       2048        704   arm_startup_nrf51.o
       676        132         72          0        536      42274   main.o
        96         18          0          0          0       7352   nrf_drv_common.o
      1520         86         12          0         80      34675   nrf_drv_twi.o
      1500         70          0          0         28      27480   nrf_drv_uart.o
       136         22         32         12          0       3307   nrf_log_backend_serial.o
       530         40         47          4       1048       6904   nrf_log_frontend.o
        14          0          0          4          0       2658   retarget.o
       232         36          0          4          0       2263   system_nrf51.o

    ----------------------------------------------------------------------
      5452        502        420         44       3780     151617   Object Totals
         0          0         32          0          0          0   (incl. Generated)
         6          0          1          0          8          0   (incl. Padding)

    ----------------------------------------------------------------------

      Code (inc. data)   RO Data    RW Data    ZI Data      Debug   Library Member Name

         0          0          0          0          0          0   entry.o
         0          0          0          0          0          0   entry10a.o
         0          0          0          0          0          0   entry11a.o
         8          4          0          0          0          0   entry2.o
         4          0          0          0          0          0   entry5.o
         0          0          0          0          0          0   entry7b.o
         0          0          0          0          0          0   entry8b.o
         8          4          0          0          0          0   entry9a.o
        30          0          0          0          0          0   handlers.o
        36          8          0          0          0         68   init.o
         0          0          0          0          0          0   iusefp.o
        32          0          0          0          0         68   llshl.o
        34          0          0          0          0         68   llushr.o
        36          0          0          0          0         60   memcpya.o
      1180         54          0          0          0        324   printf8.o
        96          0          0          0          0         84   uldiv.o
       240          6          0          0          0         84   ddiv.o
       238          0          0          0          0        216   depilogue.o
        72         10          0          0          0         72   dfixi.o
        40          6          0          0          0         68   dflti.o
        28          4          0          0          0         68   dfltui.o
       208          6          0          0          0         88   dmul.o

    ----------------------------------------------------------------------
      2292        102          0          0          0       1268   Library Totals
         2          0          0          0          0          0   (incl. Padding)

    ----------------------------------------------------------------------

      Code (inc. data)   RO Data    RW Data    ZI Data      Debug   Library Name

      1464         70          0          0          0        672   mc_p.l
       826         32          0          0          0        596   mf_p.l

    ----------------------------------------------------------------------
      2292        102          0          0          0       1268   Library Totals

    ----------------------------------------------------------------------

==============================================================================


      Code (inc. data)   RO Data    RW Data    ZI Data      Debug   

      7744        604        420         44       3780     148961   Grand Totals
      7744        604        420         44       3780     148961   ELF Image Totals
      7744        604        420         44          0          0   ROM Totals

==============================================================================

    Total RO  Size (Code + RO Data)                 8164 (   7.97kB)
    Total RW  Size (RW Data + ZI Data)              3824 (   3.73kB)
    Total ROM Size (Code + RO Data + RW Data)       8208 (   8.02kB)

==============================================================================

