<html>
<body>
<pre>
<h1>µVision Build Log</h1>
<h2>Project:</h2>
C:\Users\knigh\Documents\nRF5_SDK_12.1.0_0d23e2a\examples\peripheral\twi_scanner - modified-KN\pca10028\blank\arm4\twi_scanner_pca10028.uvproj
Project File Date:  08/04/2019

<h2>Output:</h2>
Build target 'nrf51422_xxac'
compiling main.c...
..\..\..\main.c(189): warning:  #550-D: variable "err_code" was set but never used
        ret_code_t err_code; //to hold return code, currently do nothing with it
..\..\..\main.c(209): warning:  #550-D: variable "err_code" was set but never used
        ret_code_t err_code; //to hold return code, currently do nothing with it
..\..\..\main.c(379): warning:  #177-D: variable "address2" was declared but never referenced
                                        uint8_t address2 = 0x39; //0x60  for prox                                       
..\..\..\main.c(345): warning:  #177-D: variable "err_code" was declared but never referenced
      ret_code_t err_code;
..\..\..\main.c: 4 warnings, 0 errors
linking...
Program Size: Code=7744 RO-data=420 RW-data=44 ZI-data=3780  
FromELF: creating hex file...
".\_build\nrf51422_xxac.axf" - 0 Error(s), 4 Warning(s).
</pre>
</body>
</html>
ELF: creating hex file...
".\_build\nrf51422_xxac.axf" - 0 Error(s), 5 Warning(s).
W-data=44 ZI-data=3780  
FromELF: creating hex file...
".\_build\nrf51422_xxac.axf" - 0 Error(s), 6 Warning(s).
 error
".\_build\nrf51422_xxac.axf" - 1 Error(s), 6 Warning(s).
Target not created

      ret_code_t err_code;
..\..\..\main.c: 5 warnings, 4 errors
".\_build\nrf51422_xxac.axf" - 4 Error(s), 5 Warning(s).
Target not created
